Archive member included to satisfy reference by file (symbol)

/Applications/MCUXpressoIDE_11.9.1_2170/ide/plugins/com.nxp.mcuxpresso.tools.macosx_11.9.1.202402080819/tools/bin/../lib/gcc/arm-none-eabi/12.3.1/../../../../arm-none-eabi/lib/thumb/v8-m.main+fp/hard/libc_nano.a(libc_a-exit.o)
                              /Applications/MCUXpressoIDE_11.9.1_2170/ide/plugins/com.nxp.mcuxpresso.tools.macosx_11.9.1.202402080819/tools/bin/../lib/gcc/arm-none-eabi/12.3.1/../../../../arm-none-eabi/lib/thumb/v8-m.main+fp/hard/crt0.o (exit)
/Applications/MCUXpressoIDE_11.9.1_2170/ide/plugins/com.nxp.mcuxpresso.tools.macosx_11.9.1.202402080819/tools/bin/../lib/gcc/arm-none-eabi/12.3.1/../../../../arm-none-eabi/lib/thumb/v8-m.main+fp/hard/libc_nano.a(libc_a-malloc.o)
                              CMakeFiles/hello_world.elf.dir/drivers/fsl_common.c.obj (malloc)
/Applications/MCUXpressoIDE_11.9.1_2170/ide/plugins/com.nxp.mcuxpresso.tools.macosx_11.9.1.202402080819/tools/bin/../lib/gcc/arm-none-eabi/12.3.1/../../../../arm-none-eabi/lib/thumb/v8-m.main+fp/hard/libc_nano.a(libc_a-mallocr.o)
                              /Applications/MCUXpressoIDE_11.9.1_2170/ide/plugins/com.nxp.mcuxpresso.tools.macosx_11.9.1.202402080819/tools/bin/../lib/gcc/arm-none-eabi/12.3.1/../../../../arm-none-eabi/lib/thumb/v8-m.main+fp/hard/libc_nano.a(libc_a-malloc.o) (_malloc_r)
/Applications/MCUXpressoIDE_11.9.1_2170/ide/plugins/com.nxp.mcuxpresso.tools.macosx_11.9.1.202402080819/tools/bin/../lib/gcc/arm-none-eabi/12.3.1/../../../../arm-none-eabi/lib/thumb/v8-m.main+fp/hard/libc_nano.a(libc_a-mlock.o)
                              /Applications/MCUXpressoIDE_11.9.1_2170/ide/plugins/com.nxp.mcuxpresso.tools.macosx_11.9.1.202402080819/tools/bin/../lib/gcc/arm-none-eabi/12.3.1/../../../../arm-none-eabi/lib/thumb/v8-m.main+fp/hard/libc_nano.a(libc_a-mallocr.o) (__malloc_lock)
/Applications/MCUXpressoIDE_11.9.1_2170/ide/plugins/com.nxp.mcuxpresso.tools.macosx_11.9.1.202402080819/tools/bin/../lib/gcc/arm-none-eabi/12.3.1/../../../../arm-none-eabi/lib/thumb/v8-m.main+fp/hard/libc_nano.a(libc_a-findfp.o)
                              /Applications/MCUXpressoIDE_11.9.1_2170/ide/plugins/com.nxp.mcuxpresso.tools.macosx_11.9.1.202402080819/tools/bin/../lib/gcc/arm-none-eabi/12.3.1/../../../../arm-none-eabi/lib/thumb/v8-m.main+fp/hard/libc_nano.a(libc_a-exit.o) (__stdio_exit_handler)
/Applications/MCUXpressoIDE_11.9.1_2170/ide/plugins/com.nxp.mcuxpresso.tools.macosx_11.9.1.202402080819/tools/bin/../lib/gcc/arm-none-eabi/12.3.1/../../../../arm-none-eabi/lib/thumb/v8-m.main+fp/hard/libc_nano.a(libc_a-strtoul.o)
                              CMakeFiles/hello_world.elf.dir/utilities/fsl_str.c.obj (strtoul)
/Applications/MCUXpressoIDE_11.9.1_2170/ide/plugins/com.nxp.mcuxpresso.tools.macosx_11.9.1.202402080819/tools/bin/../lib/gcc/arm-none-eabi/12.3.1/../../../../arm-none-eabi/lib/thumb/v8-m.main+fp/hard/libc_nano.a(libc_a-fwalk.o)
                              /Applications/MCUXpressoIDE_11.9.1_2170/ide/plugins/com.nxp.mcuxpresso.tools.macosx_11.9.1.202402080819/tools/bin/../lib/gcc/arm-none-eabi/12.3.1/../../../../arm-none-eabi/lib/thumb/v8-m.main+fp/hard/libc_nano.a(libc_a-findfp.o) (_fwalk_sglue)
/Applications/MCUXpressoIDE_11.9.1_2170/ide/plugins/com.nxp.mcuxpresso.tools.macosx_11.9.1.202402080819/tools/bin/../lib/gcc/arm-none-eabi/12.3.1/../../../../arm-none-eabi/lib/thumb/v8-m.main+fp/hard/libc_nano.a(libc_a-memset.o)
                              /Applications/MCUXpressoIDE_11.9.1_2170/ide/plugins/com.nxp.mcuxpresso.tools.macosx_11.9.1.202402080819/tools/bin/../lib/gcc/arm-none-eabi/12.3.1/../../../../arm-none-eabi/lib/thumb/v8-m.main+fp/hard/crt0.o (memset)
/Applications/MCUXpressoIDE_11.9.1_2170/ide/plugins/com.nxp.mcuxpresso.tools.macosx_11.9.1.202402080819/tools/bin/../lib/gcc/arm-none-eabi/12.3.1/../../../../arm-none-eabi/lib/thumb/v8-m.main+fp/hard/libc_nano.a(libc_a-impure.o)
                              /Applications/MCUXpressoIDE_11.9.1_2170/ide/plugins/com.nxp.mcuxpresso.tools.macosx_11.9.1.202402080819/tools/bin/../lib/gcc/arm-none-eabi/12.3.1/../../../../arm-none-eabi/lib/thumb/v8-m.main+fp/hard/libc_nano.a(libc_a-malloc.o) (_impure_ptr)
/Applications/MCUXpressoIDE_11.9.1_2170/ide/plugins/com.nxp.mcuxpresso.tools.macosx_11.9.1.202402080819/tools/bin/../lib/gcc/arm-none-eabi/12.3.1/../../../../arm-none-eabi/lib/thumb/v8-m.main+fp/hard/libc_nano.a(libc_a-sbrkr.o)
                              /Applications/MCUXpressoIDE_11.9.1_2170/ide/plugins/com.nxp.mcuxpresso.tools.macosx_11.9.1.202402080819/tools/bin/../lib/gcc/arm-none-eabi/12.3.1/../../../../arm-none-eabi/lib/thumb/v8-m.main+fp/hard/libc_nano.a(libc_a-mallocr.o) (_sbrk_r)
/Applications/MCUXpressoIDE_11.9.1_2170/ide/plugins/com.nxp.mcuxpresso.tools.macosx_11.9.1.202402080819/tools/bin/../lib/gcc/arm-none-eabi/12.3.1/../../../../arm-none-eabi/lib/thumb/v8-m.main+fp/hard/libc_nano.a(libc_a-errno.o)
                              CMakeFiles/hello_world.elf.dir/utilities/fsl_sbrk.c.obj (__errno)
[...]
Memory Configuration

Name             Origin             Length             Attributes
m_interrupts     0x00000000         0x00000400         xr
m_text           0x00000400         0x000bfc00         xr
m_core1_image    0x000c0000         0x00040000         xr
m_data           0x20000000         0x0004e000         rw
rpmsg_sh_mem     0x2004e000         0x00000000         rw
m_flash1         0x00100000         0x00100000         xr
m_sramx          0x04000000         0x00018000         rw
m_flash_config   0x80000400         0x00000200         xr
m_usb_sram       0x400ba000         0x00001000         rw
*default*        0x00000000         0xffffffff

Linker script and memory map

LOAD /Applications/MCUXpressoIDE_11.9.1_2170/ide/plugins/com.nxp.mcuxpresso.tools.macosx_11.9.1.202402080819/tools/bin/../lib/gcc/arm-none-eabi/12.3.1/thumb/v8-m.main+fp/hard/crti.o
LOAD /Applications/MCUXpressoIDE_11.9.1_2170/ide/plugins/com.nxp.mcuxpresso.tools.macosx_11.9.1.202402080819/tools/bin/../lib/gcc/arm-none-eabi/12.3.1/thumb/v8-m.main+fp/hard/crtbegin.o
LOAD /Applications/MCUXpressoIDE_11.9.1_2170/ide/plugins/com.nxp.mcuxpresso.tools.macosx_11.9.1.202402080819/tools/bin/../lib/gcc/arm-none-eabi/12.3.1/../../../../arm-none-eabi/lib/thumb/v8-m.main+fp/hard/crt0.o
LOAD CMakeFiles/hello_world.elf.dir/board/board.c.obj
LOAD CMakeFiles/hello_world.elf.dir/board/clock_config.c.obj
LOAD CMakeFiles/hello_world.elf.dir/board/pin_mux.c.obj
LOAD CMakeFiles/hello_world.elf.dir/source/hello_world.c.obj
LOAD CMakeFiles/hello_world.elf.dir/component/lists/fsl_component_generic_list.c.obj
LOAD CMakeFiles/hello_world.elf.dir/component/uart/fsl_adapter_lpuart.c.obj
LOAD CMakeFiles/hello_world.elf.dir/startup/startup_MCXN947_cm33_core0.S.obj
LOAD CMakeFiles/hello_world.elf.dir/device/system_MCXN947_cm33_core0.c.obj
LOAD CMakeFiles/hello_world.elf.dir/drivers/fsl_clock.c.obj
LOAD CMakeFiles/hello_world.elf.dir/drivers/fsl_common.c.obj
LOAD CMakeFiles/hello_world.elf.dir/drivers/fsl_common_arm.c.obj
LOAD CMakeFiles/hello_world.elf.dir/drivers/fsl_gpio.c.obj
LOAD CMakeFiles/hello_world.elf.dir/drivers/fsl_lpflexcomm.c.obj
LOAD CMakeFiles/hello_world.elf.dir/drivers/fsl_lpuart.c.obj
LOAD CMakeFiles/hello_world.elf.dir/drivers/fsl_spc.c.obj
LOAD CMakeFiles/hello_world.elf.dir/drivers/fsl_reset.c.obj
LOAD CMakeFiles/hello_world.elf.dir/utilities/fsl_sbrk.c.obj
LOAD CMakeFiles/hello_world.elf.dir/utilities/fsl_syscall_stub.c.obj
LOAD CMakeFiles/hello_world.elf.dir/utilities/fsl_memcpy.S.obj
LOAD CMakeFiles/hello_world.elf.dir/utilities/fsl_assert.c.obj
LOAD CMakeFiles/hello_world.elf.dir/utilities/fsl_str.c.obj
LOAD CMakeFiles/hello_world.elf.dir/utilities/fsl_debug_console.c.obj
START GROUP
LOAD /Applications/MCUXpressoIDE_11.9.1_2170/ide/plugins/com.nxp.mcuxpresso.tools.macosx_11.9.1.202402080819/tools/bin/../lib/gcc/arm-none-eabi/12.3.1/../../../../arm-none-eabi/lib/thumb/v8-m.main+fp/hard/libm.a
LOAD /Applications/MCUXpressoIDE_11.9.1_2170/ide/plugins/com.nxp.mcuxpresso.tools.macosx_11.9.1.202402080819/tools/bin/../lib/gcc/arm-none-eabi/12.3.1/../../../../arm-none-eabi/lib/thumb/v8-m.main+fp/hard/libc_nano.a
LOAD /Applications/MCUXpressoIDE_11.9.1_2170/ide/plugins/com.nxp.mcuxpresso.tools.macosx_11.9.1.202402080819/tools/bin/../lib/gcc/arm-none-eabi/12.3.1/thumb/v8-m.main+fp/hard/libgcc.a
LOAD /Applications/MCUXpressoIDE_11.9.1_2170/ide/plugins/com.nxp.mcuxpresso.tools.macosx_11.9.1.202402080819/tools/bin/../lib/gcc/arm-none-eabi/12.3.1/../../../../arm-none-eabi/lib/thumb/v8-m.main+fp/hard/libnosys.a
END GROUP
START GROUP
LOAD /Applications/MCUXpressoIDE_11.9.1_2170/ide/plugins/com.nxp.mcuxpresso.tools.macosx_11.9.1.202402080819/tools/bin/../lib/gcc/arm-none-eabi/12.3.1/thumb/v8-m.main+fp/hard/libgcc.a
LOAD /Applications/MCUXpressoIDE_11.9.1_2170/ide/plugins/com.nxp.mcuxpresso.tools.macosx_11.9.1.202402080819/tools/bin/../lib/gcc/arm-none-eabi/12.3.1/../../../../arm-none-eabi/lib/thumb/v8-m.main+fp/hard/libg_nano.a
LOAD /Applications/MCUXpressoIDE_11.9.1_2170/ide/plugins/com.nxp.mcuxpresso.tools.macosx_11.9.1.202402080819/tools/bin/../lib/gcc/arm-none-eabi/12.3.1/../../../../arm-none-eabi/lib/thumb/v8-m.main+fp/hard/libc_nano.a
END GROUP
START GROUP
LOAD /Applications/MCUXpressoIDE_11.9.1_2170/ide/plugins/com.nxp.mcuxpresso.tools.macosx_11.9.1.202402080819/tools/bin/../lib/gcc/arm-none-eabi/12.3.1/thumb/v8-m.main+fp/hard/libgcc.a
LOAD /Applications/MCUXpressoIDE_11.9.1_2170/ide/plugins/com.nxp.mcuxpresso.tools.macosx_11.9.1.202402080819/tools/bin/../lib/gcc/arm-none-eabi/12.3.1/../../../../arm-none-eabi/lib/thumb/v8-m.main+fp/hard/libc_nano.a
LOAD /Applications/MCUXpressoIDE_11.9.1_2170/ide/plugins/com.nxp.mcuxpresso.tools.macosx_11.9.1.202402080819/tools/bin/../lib/gcc/arm-none-eabi/12.3.1/../../../../arm-none-eabi/lib/thumb/v8-m.main+fp/hard/libnosys.a
END GROUP
START GROUP
LOAD /Applications/MCUXpressoIDE_11.9.1_2170/ide/plugins/com.nxp.mcuxpresso.tools.macosx_11.9.1.202402080819/tools/bin/../lib/gcc/arm-none-eabi/12.3.1/thumb/v8-m.main+fp/hard/libgcc.a
LOAD /Applications/MCUXpressoIDE_11.9.1_2170/ide/plugins/com.nxp.mcuxpresso.tools.macosx_11.9.1.202402080819/tools/bin/../lib/gcc/arm-none-eabi/12.3.1/../../../../arm-none-eabi/lib/thumb/v8-m.main+fp/hard/libc_nano.a
LOAD /Applications/MCUXpressoIDE_11.9.1_2170/ide/plugins/com.nxp.mcuxpresso.tools.macosx_11.9.1.202402080819/tools/bin/../lib/gcc/arm-none-eabi/12.3.1/../../../../arm-none-eabi/lib/thumb/v8-m.main+fp/hard/libnosys.a
END GROUP
LOAD /Applications/MCUXpressoIDE_11.9.1_2170/ide/plugins/com.nxp.mcuxpresso.tools.macosx_11.9.1.202402080819/tools/bin/../lib/gcc/arm-none-eabi/12.3.1/thumb/v8-m.main+fp/hard/crtend.o
LOAD /Applications/MCUXpressoIDE_11.9.1_2170/ide/plugins/com.nxp.mcuxpresso.tools.macosx_11.9.1.202402080819/tools/bin/../lib/gcc/arm-none-eabi/12.3.1/thumb/v8-m.main+fp/hard/crtn.o
                0x00000400                        HEAP_SIZE = DEFINED (__heap_size__)?__heap_size__:0x400
                0x00000800                        STACK_SIZE = DEFINED (__stack_size__)?__stack_size__:0x800
                0x00000000                        RPMSG_SHMEM_SIZE = DEFINED (__use_shmem__)?0x2000:0x0
                0x00000000                        TEXT_START = DEFINED (__qspi_xip__)?0x80001000:0x0
                0x000c0000                        TEXT_SIZE = DEFINED (__qspi_xip__)?0xffff000:0xc0000

.core1_code     0x000c0000        0x0
                0x000c0000                        . = ALIGN (0x4)
 *(.core1_code)
 *(.core1_code*)
                0x000c0000                        . = ALIGN (0x4)

.noinit_rpmsg_sh_mem
                0x2004e000        0x0
                0x2004e000                        __RPMSG_SH_MEM_START__ = .
 *(.noinit.$rpmsg_sh_mem*)
                0x2004e000                        . = ALIGN (0x4)
                0x2004e000                        __RPMSG_SH_MEM_END__ = .

.flash_config   0x80000400        0x0
                0x80000400                        . = ALIGN (0x4)
                0x80000400                        __FLASH_BASE = .
 *(.flexspi_fcb)
                0x80000400                        . = ALIGN (0x4)

.interrupts     0x00000000      0x2b0
                0x00000000                        . = ALIGN (0x4)
 *(.isr_vector)
 .isr_vector    0x00000000      0x2b0 CMakeFiles/hello_world.elf.dir/startup/startup_MCXN947_cm33_core0.S.obj
                0x00000000                __Vectors
                0x000002b0                        . = ALIGN (0x4)

.text           0x00000400     0x38b0
                0x00000400                        . = ALIGN (0x4)
 *(.text)
 .text          0x00000400       0x7c /Applications/MCUXpressoIDE_11.9.1_2170/ide/plugins/com.nxp.mcuxpresso.tools.macosx_11.9.1.202402080819/tools/bin/../lib/gcc/arm-none-eabi/12.3.1/../../../../arm-none-eabi/lib/thumb/v8-m.main+fp/hard/crt0.o
                0x00000400                _stack_init
                0x00000408                _mainCRTStartup
                0x00000408                _start
 .text          0x0000047c      0x5a0 CMakeFiles/hello_world.elf.dir/startup/startup_MCXN947_cm33_core0.S.obj
                0x0000047c                Reset_Handler
                0x00000510                EDMA_1_CH5_DriverIRQHandler
                0x00000510                PINT0_DriverIRQHandler
                0x00000510                WWDT1_DriverIRQHandler
                0x00000510                DebugMon_Handler
                0x00000510                EDMA_1_CH13_DriverIRQHandler
                0x00000510                ITRC0_DriverIRQHandler
                0x00000510                EMVSIM0_DriverIRQHandler
                0x00000510                I3C0_DriverIRQHandler
                0x00000510                USB0_FS_DriverIRQHandler
                0x00000510                PKC_ERR_DriverIRQHandler
                0x00000510                ENC0_IDX_DriverIRQHandler
                0x00000510                EDMA_0_CH5_DriverIRQHandler
                0x00000510                EDMA_0_CH14_DriverIRQHandler
                0x00000510                EDMA_1_CH0_DriverIRQHandler
                0x00000510                SCG_DriverIRQHandler
                0x00000510                CMC0_DriverIRQHandler
                0x00000510                EDMA_0_CH15_DriverIRQHandler
                0x00000510                LPTMR0_DriverIRQHandler
                0x00000510                EDMA_0_CH2_DriverIRQHandler
                0x00000510                FLEXPWM1_SUBMODULE1_DriverIRQHandler
                0x00000510                FLEXPWM0_SUBMODULE1_DriverIRQHandler
                0x00000510                EDMA_1_CH11_DriverIRQHandler
                0x00000510                FLEXPWM0_RELOAD_ERROR_DriverIRQHandler
                0x00000510                TRNG0_DriverIRQHandler
                0x00000510                EDMA_1_CH9_DriverIRQHandler
                0x00000510                SEC_VIO_DriverIRQHandler
                0x00000510                ERM_MULTI_BIT_ERROR_DriverIRQHandler
                0x00000510                GPIO31_DriverIRQHandler
                0x00000510                EWM0_DriverIRQHandler
                0x00000510                PKC_DriverIRQHandler
                0x00000510                EDMA_0_CH10_DriverIRQHandler
                0x00000510                USB1_HS_PHY_DriverIRQHandler
                0x00000510                ELS_DriverIRQHandler
                0x00000510                EDMA_1_CH2_DriverIRQHandler
                0x00000510                ETHERNET_DriverIRQHandler
                0x00000510                EDMA_1_CH14_DriverIRQHandler
                0x00000510                FLEXPWM1_SUBMODULE3_DriverIRQHandler
                0x00000510                EDMA_1_CH7_DriverIRQHandler
                0x00000510                EDMA_1_CH6_DriverIRQHandler
                0x00000510                DAC1_DriverIRQHandler
                0x00000510                CTIMER2_DriverIRQHandler
                0x00000510                UsageFault_Handler
                0x00000510                HSCMP1_DriverIRQHandler
                0x00000510                EDMA_0_CH9_DriverIRQHandler
                0x00000510                ETB0_DriverIRQHandler
                0x00000510                Freqme_DriverIRQHandler
                0x00000510                Reserved80_DriverIRQHandler
                0x00000510                DefaultISR
                0x00000510                ELS_ERR_DriverIRQHandler
                0x00000510                FLEXIO_DriverIRQHandler
                0x00000510                DAC0_DriverIRQHandler
                0x00000510                MRT0_DriverIRQHandler
                0x00000510                UTICK0_DriverIRQHandler
                0x00000510                FLEXPWM0_SUBMODULE2_DriverIRQHandler
                0x00000510                GPIO01_DriverIRQHandler
                0x00000510                EDMA_0_CH3_DriverIRQHandler
                0x00000510                WWDT0_DriverIRQHandler
                0x00000510                USDHC0_DriverIRQHandler
                0x00000510                GPIO00_DriverIRQHandler
                0x00000510                EDMA_0_CH4_DriverIRQHandler
                0x00000510                GPIO11_DriverIRQHandler
                0x00000510                CTIMER4_DriverIRQHandler
                0x00000510                BSP32_DriverIRQHandler
                0x00000510                FLEXPWM0_FAULT_DriverIRQHandler
                0x00000510                EDMA_1_CH1_DriverIRQHandler
                0x00000510                SAI1_DriverIRQHandler
                0x00000510                ERM_SINGLE_BIT_ERROR_DriverIRQHandler
                0x00000510                GPIO21_DriverIRQHandler
                0x00000510                FLEXPWM1_FAULT_DriverIRQHandler
                0x00000510                GPIO30_DriverIRQHandler
                0x00000510                CTIMER0_DriverIRQHandler
                0x00000510                CTIMER1_DriverIRQHandler
                0x00000510                SecureFault_Handler
                0x00000510                ADC1_DriverIRQHandler
                0x00000510                ENC0_HOME_DriverIRQHandler
                0x00000510                PQ_DriverIRQHandler
                0x00000510                ETHERNET_MACLP_DriverIRQHandler
                0x00000510                USB0_DCD_DriverIRQHandler
                0x00000510                MAILBOX_DriverIRQHandler
                0x00000510                EDMA_0_CH11_DriverIRQHandler
                0x00000510                WUU_DriverIRQHandler
                0x00000510                EDMA_0_CH6_DriverIRQHandler
                0x00000510                CTIMER3_DriverIRQHandler
                0x00000510                FLEXPWM1_SUBMODULE0_DriverIRQHandler
                0x00000510                SM3_DriverIRQHandler
                0x00000510                CDOG1_DriverIRQHandler
                0x00000510                TSI_OUT_OF_SCAN_DriverIRQHandler
                0x00000510                ENC0_WDG_SAB_DriverIRQHandler
                0x00000510                EDMA_1_CH4_DriverIRQHandler
                0x00000510                PUF_DriverIRQHandler
                0x00000510                SPC_DriverIRQHandler
                0x00000510                RTC_DriverIRQHandler
                0x00000510                VBAT0_DriverIRQHandler
                0x00000510                Reserved65_DriverIRQHandler
                0x00000510                HSCMP2_DriverIRQHandler
                0x00000510                EDMA_0_CH0_DriverIRQHandler
                0x00000510                MemManage_Handler
                0x00000510                PDM_EVENT_DriverIRQHandler
                0x00000510                ETHERNET_PMT_DriverIRQHandler
                0x00000510                FLEXPWM1_RELOAD_ERROR_DriverIRQHandler
                0x00000510                FMU0_DriverIRQHandler
                0x00000510                EDMA_0_CH8_DriverIRQHandler
                0x00000510                LPTMR1_DriverIRQHandler
                0x00000510                CTI0_DriverIRQHandler
                0x00000510                GPIO40_DriverIRQHandler
                0x00000510                EDMA_1_CH3_DriverIRQHandler
                0x00000510                EDMA_1_CH15_DriverIRQHandler
                0x00000510                FLEXPWM1_SUBMODULE2_DriverIRQHandler
                0x00000510                ENC1_HOME_DriverIRQHandler
                0x00000510                GPIO20_DriverIRQHandler
                0x00000510                EDMA_1_CH8_DriverIRQHandler
                0x00000510                GDET_DriverIRQHandler
                0x00000510                PORT_EFT_DriverIRQHandler
                0x00000510                Reserved85_DriverIRQHandler
                0x00000510                Reserved81_DriverIRQHandler
                0x00000510                TSI_END_OF_SCAN_DriverIRQHandler
                0x00000510                ENC1_IDX_DriverIRQHandler
                0x00000510                FLEXPWM0_SUBMODULE3_DriverIRQHandler
                0x00000510                ADC0_DriverIRQHandler
                0x00000510                OR_DriverIRQHandler
                0x00000510                EDMA_0_CH13_DriverIRQHandler
                0x00000510                USB1_HS_DriverIRQHandler
                0x00000510                EDMA_0_CH1_DriverIRQHandler
                0x00000510                DAC2_DriverIRQHandler
                0x00000510                GPIO51_DriverIRQHandler
                0x00000510                HSCMP0_DriverIRQHandler
                0x00000510                EDMA_0_CH12_DriverIRQHandler
                0x00000510                CDOG0_DriverIRQHandler
                0x00000510                CAN0_DriverIRQHandler
                0x00000510                SMARTDMA_DriverIRQHandler
                0x00000510                SAI0_DriverIRQHandler
                0x00000510                EMVSIM1_DriverIRQHandler
                0x00000510                I3C1_DriverIRQHandler
                0x00000510                ENC0_COMPARE_DriverIRQHandler
                0x00000510                EDMA_0_CH7_DriverIRQHandler
                0x00000510                BusFault_Handler
                0x00000510                EDMA_1_CH10_DriverIRQHandler
                0x00000510                EDMA_1_CH12_DriverIRQHandler
                0x00000510                FLEXSPI0_DriverIRQHandler
                0x00000510                GPIO50_DriverIRQHandler
                0x00000510                GPIO10_DriverIRQHandler
                0x00000510                SCT0_DriverIRQHandler
                0x00000510                CAN1_DriverIRQHandler
                0x00000510                ENC1_COMPARE_DriverIRQHandler
                0x00000510                PLU_DriverIRQHandler
                0x00000510                FLEXPWM0_SUBMODULE0_DriverIRQHandler
                0x00000510                OS_EVENT_DriverIRQHandler
                0x00000510                ENC1_WDG_SAB_DriverIRQHandler
                0x00000510                SINC_FILTER_DriverIRQHandler
                0x00000510                NPU_DriverIRQHandler
                0x00000510                GPIO41_DriverIRQHandler
                0x00000510                SEC_HYPERVISOR_CALL_DriverIRQHandler
                0x00000514                NMI_Handler
                0x00000518                HardFault_Handler
                0x0000051c                SVC_Handler
                0x00000520                PendSV_Handler
                0x00000524                SysTick_Handler
                0x00000528                OR_IRQHandler
                0x0000052c                EDMA_0_CH0_IRQHandler
                0x00000530                EDMA_0_CH1_IRQHandler
                0x00000534                EDMA_0_CH2_IRQHandler
                0x00000538                EDMA_0_CH3_IRQHandler
                0x0000053c                EDMA_0_CH4_IRQHandler
                0x00000540                EDMA_0_CH5_IRQHandler
                0x00000544                EDMA_0_CH6_IRQHandler
                0x00000548                EDMA_0_CH7_IRQHandler
                0x0000054c                EDMA_0_CH8_IRQHandler
                0x00000550                EDMA_0_CH9_IRQHandler
                0x00000554                EDMA_0_CH10_IRQHandler
                0x00000558                EDMA_0_CH11_IRQHandler
                0x0000055c                EDMA_0_CH12_IRQHandler
                0x00000560                EDMA_0_CH13_IRQHandler
                0x00000564                EDMA_0_CH14_IRQHandler
                0x00000568                EDMA_0_CH15_IRQHandler
                0x0000056c                GPIO00_IRQHandler
                0x00000570                GPIO01_IRQHandler
                0x00000574                GPIO10_IRQHandler
                0x00000578                GPIO11_IRQHandler
                0x0000057c                GPIO20_IRQHandler
                0x00000580                GPIO21_IRQHandler
                0x00000584                GPIO30_IRQHandler
                0x00000588                GPIO31_IRQHandler
                0x0000058c                GPIO40_IRQHandler
                0x00000590                GPIO41_IRQHandler
                0x00000594                GPIO50_IRQHandler
                0x00000598                GPIO51_IRQHandler
                0x0000059c                UTICK0_IRQHandler
                0x000005a0                MRT0_IRQHandler
                0x000005a4                CTIMER0_IRQHandler
                0x000005a8                CTIMER1_IRQHandler
                0x000005ac                SCT0_IRQHandler
                0x000005b0                CTIMER2_IRQHandler
                0x000005b4                LP_FLEXCOMM0_IRQHandler
                0x000005b8                LP_FLEXCOMM1_IRQHandler
                0x000005bc                LP_FLEXCOMM2_IRQHandler
                0x000005c0                LP_FLEXCOMM3_IRQHandler
                0x000005c4                LP_FLEXCOMM4_IRQHandler
                0x000005c8                LP_FLEXCOMM5_IRQHandler
                0x000005cc                LP_FLEXCOMM6_IRQHandler
                0x000005d0                LP_FLEXCOMM7_IRQHandler
                0x000005d4                LP_FLEXCOMM8_IRQHandler
                0x000005d8                LP_FLEXCOMM9_IRQHandler
                0x000005dc                ADC0_IRQHandler
                0x000005e0                ADC1_IRQHandler
                0x000005e4                PINT0_IRQHandler
                0x000005e8                PDM_EVENT_IRQHandler
                0x000005ec                Reserved65_IRQHandler
                0x000005f0                USB0_FS_IRQHandler
                0x000005f4                USB0_DCD_IRQHandler
                0x000005f8                RTC_IRQHandler
                0x000005fc                SMARTDMA_IRQHandler
                0x00000600                MAILBOX_IRQHandler
                0x00000604                CTIMER3_IRQHandler
                0x00000608                CTIMER4_IRQHandler
                0x0000060c                OS_EVENT_IRQHandler
                0x00000610                FLEXSPI0_IRQHandler
                0x00000614                SAI0_IRQHandler
                0x00000618                SAI1_IRQHandler
                0x0000061c                USDHC0_IRQHandler
                0x00000620                CAN0_IRQHandler
                0x00000624                CAN1_IRQHandler
                0x00000628                Reserved80_IRQHandler
                0x0000062c                Reserved81_IRQHandler
                0x00000630                USB1_HS_PHY_IRQHandler
                0x00000634                USB1_HS_IRQHandler
                0x00000638                SEC_HYPERVISOR_CALL_IRQHandler
                0x0000063c                Reserved85_IRQHandler
                0x00000640                PLU_IRQHandler
                0x00000644                Freqme_IRQHandler
                0x00000648                SEC_VIO_IRQHandler
                0x0000064c                ELS_IRQHandler
                0x00000650                PKC_IRQHandler
                0x00000654                PUF_IRQHandler
                0x00000658                PQ_IRQHandler
                0x0000065c                EDMA_1_CH0_IRQHandler
                0x00000660                EDMA_1_CH1_IRQHandler
                0x00000664                EDMA_1_CH2_IRQHandler
                0x00000668                EDMA_1_CH3_IRQHandler
                0x0000066c                EDMA_1_CH4_IRQHandler
                0x00000670                EDMA_1_CH5_IRQHandler
                0x00000674                EDMA_1_CH6_IRQHandler
                0x00000678                EDMA_1_CH7_IRQHandler
                0x0000067c                EDMA_1_CH8_IRQHandler
                0x00000680                EDMA_1_CH9_IRQHandler
                0x00000684                EDMA_1_CH10_IRQHandler
                0x00000688                EDMA_1_CH11_IRQHandler
                0x0000068c                EDMA_1_CH12_IRQHandler
                0x00000690                EDMA_1_CH13_IRQHandler
                0x00000694                EDMA_1_CH14_IRQHandler
                0x00000698                EDMA_1_CH15_IRQHandler
                0x0000069c                CDOG0_IRQHandler
                0x000006a0                CDOG1_IRQHandler
                0x000006a4                I3C0_IRQHandler
                0x000006a8                I3C1_IRQHandler
                0x000006ac                NPU_IRQHandler
                0x000006b0                GDET_IRQHandler
                0x000006b4                VBAT0_IRQHandler
                0x000006b8                EWM0_IRQHandler
                0x000006bc                TSI_END_OF_SCAN_IRQHandler
                0x000006c0                TSI_OUT_OF_SCAN_IRQHandler
                0x000006c4                EMVSIM0_IRQHandler
                0x000006c8                EMVSIM1_IRQHandler
                0x000006cc                FLEXIO_IRQHandler
                0x000006d0                DAC0_IRQHandler
                0x000006d4                DAC1_IRQHandler
                0x000006d8                DAC2_IRQHandler
                0x000006dc                HSCMP0_IRQHandler
                0x000006e0                HSCMP1_IRQHandler
                0x000006e4                HSCMP2_IRQHandler
                0x000006e8                FLEXPWM0_RELOAD_ERROR_IRQHandler
                0x000006ec                FLEXPWM0_FAULT_IRQHandler
                0x000006f0                FLEXPWM0_SUBMODULE0_IRQHandler
                0x000006f4                FLEXPWM0_SUBMODULE1_IRQHandler
                0x000006f8                FLEXPWM0_SUBMODULE2_IRQHandler
                0x000006fc                FLEXPWM0_SUBMODULE3_IRQHandler
                0x00000700                FLEXPWM1_RELOAD_ERROR_IRQHandler
                0x00000704                FLEXPWM1_FAULT_IRQHandler
                0x00000708                FLEXPWM1_SUBMODULE0_IRQHandler
                0x0000070c                FLEXPWM1_SUBMODULE1_IRQHandler
                0x00000710                FLEXPWM1_SUBMODULE2_IRQHandler
                0x00000714                FLEXPWM1_SUBMODULE3_IRQHandler
                0x00000718                ENC0_COMPARE_IRQHandler
                0x0000071c                ENC0_HOME_IRQHandler
                0x00000720                ENC0_WDG_SAB_IRQHandler
                0x00000724                ENC0_IDX_IRQHandler
                0x00000728                ENC1_COMPARE_IRQHandler
                0x0000072c                ENC1_HOME_IRQHandler
                0x00000730                ENC1_WDG_SAB_IRQHandler
                0x00000734                ENC1_IDX_IRQHandler
                0x00000738                ITRC0_IRQHandler
                0x0000073c                BSP32_IRQHandler
                0x00000740                ELS_ERR_IRQHandler
                0x00000744                PKC_ERR_IRQHandler
                0x00000748                ERM_SINGLE_BIT_ERROR_IRQHandler
                0x0000074c                ERM_MULTI_BIT_ERROR_IRQHandler
                0x00000750                FMU0_IRQHandler
                0x00000754                ETHERNET_IRQHandler
                0x00000758                ETHERNET_PMT_IRQHandler
                0x0000075c                ETHERNET_MACLP_IRQHandler
                0x00000760                SINC_FILTER_IRQHandler
                0x00000764                LPTMR0_IRQHandler
                0x00000768                LPTMR1_IRQHandler
                0x0000076c                SCG_IRQHandler
                0x00000770                SPC_IRQHandler
                0x00000774                WUU_IRQHandler
                0x00000778                PORT_EFT_IRQHandler
                0x0000077c                ETB0_IRQHandler
                0x00000780                SM3_IRQHandler
                0x00000784                TRNG0_IRQHandler
                0x00000788                WWDT0_IRQHandler
                0x0000078c                WWDT1_IRQHandler
                0x00000790                CMC0_IRQHandler
                0x00000794                CTI0_IRQHandler
 .text          0x00000a1c       0xa0 CMakeFiles/hello_world.elf.dir/utilities/fsl_memcpy.S.obj
                0x00000a1c                memcpy
 .text          0x00000abc       0x10 /Applications/MCUXpressoIDE_11.9.1_2170/ide/plugins/com.nxp.mcuxpresso.tools.macosx_11.9.1.202402080819/tools/bin/../lib/gcc/arm-none-eabi/12.3.1/../../../../arm-none-eabi/lib/thumb/v8-m.main+fp/hard/libc_nano.a(libc_a-strlen.o)
                0x00000abc                strlen
 .text          0x00000acc      0x254 /Applications/MCUXpressoIDE_11.9.1_2170/ide/plugins/com.nxp.mcuxpresso.tools.macosx_11.9.1.202402080819/tools/bin/../lib/gcc/arm-none-eabi/12.3.1/thumb/v8-m.main+fp/hard/libgcc.a(_arm_muldf3.o)
                0x00000acc                __aeabi_dmul
                0x00000acc                __muldf3
 .text          0x00000d20      0x378 /Applications/MCUXpressoIDE_11.9.1_2170/ide/plugins/com.nxp.mcuxpresso.tools.macosx_11.9.1.202402080819/tools/bin/../lib/gcc/arm-none-eabi/12.3.1/thumb/v8-m.main+fp/hard/libgcc.a(_arm_addsubdf3.o)
                0x00000d20                __aeabi_drsub
                0x00000d28                __subdf3
                0x00000d28                __aeabi_dsub
                0x00000d2c                __aeabi_dadd
                0x00000d2c                __adddf3
                0x00000fa4                __aeabi_ui2d
                0x00000fa4                __floatunsidf
                0x00000fc4                __floatsidf
                0x00000fc4                __aeabi_i2d
                0x00000fe8                __extendsfdf2
                0x00000fe8                __aeabi_f2d
                0x0000102c                __aeabi_ul2d
                0x0000102c                __floatundidf
                0x0000103c                __aeabi_l2d
                0x0000103c                __floatdidf
 .text          0x00001098       0x40 /Applications/MCUXpressoIDE_11.9.1_2170/ide/plugins/com.nxp.mcuxpresso.tools.macosx_11.9.1.202402080819/tools/bin/../lib/gcc/arm-none-eabi/12.3.1/thumb/v8-m.main+fp/hard/libgcc.a(_arm_fixunsdfsi.o)
                0x00001098                __fixunsdfsi
                0x00001098                __aeabi_d2uiz
 *(.text*)
 .text.deregister_tm_clones
                0x000010d8       0x1c /Applications/MCUXpressoIDE_11.9.1_2170/ide/plugins/com.nxp.mcuxpresso.tools.macosx_11.9.1.202402080819/tools/bin/../lib/gcc/arm-none-eabi/12.3.1/thumb/v8-m.main+fp/hard/crtbegin.o
 .text.register_tm_clones
                0x000010f4       0x28 /Applications/MCUXpressoIDE_11.9.1_2170/ide/plugins/com.nxp.mcuxpresso.tools.macosx_11.9.1.202402080819/tools/bin/../lib/gcc/arm-none-eabi/12.3.1/thumb/v8-m.main+fp/hard/crtbegin.o
 .text.__do_global_dtors_aux
                0x0000111c       0x28 /Applications/MCUXpressoIDE_11.9.1_2170/ide/plugins/com.nxp.mcuxpresso.tools.macosx_11.9.1.202402080819/tools/bin/../lib/gcc/arm-none-eabi/12.3.1/thumb/v8-m.main+fp/hard/crtbegin.o
 .text.frame_dummy
                0x00001144       0x24 /Applications/MCUXpressoIDE_11.9.1_2170/ide/plugins/com.nxp.mcuxpresso.tools.macosx_11.9.1.202402080819/tools/bin/../lib/gcc/arm-none-eabi/12.3.1/thumb/v8-m.main+fp/hard/crtbegin.o
 .text.BOARD_InitDebugConsole
                0x00001168       0x38 CMakeFiles/hello_world.elf.dir/board/board.c.obj
                0x00001168                BOARD_InitDebugConsole
 .text.CLOCK_EnableClock
                0x000011a0       0x94 CMakeFiles/hello_world.elf.dir/board/clock_config.c.obj
 .text.BOARD_InitBootClocks
                0x00001234        0xc CMakeFiles/hello_world.elf.dir/board/clock_config.c.obj
                0x00001234                BOARD_InitBootClocks
 .text.BOARD_BootClockPLL150M
                0x00001240       0xd8 CMakeFiles/hello_world.elf.dir/board/clock_config.c.obj
                0x00001240                BOARD_BootClockPLL150M
 .text.CLOCK_EnableClock
                0x00001318       0x94 CMakeFiles/hello_world.elf.dir/board/pin_mux.c.obj
 .text.PORT_SetPinConfig
                0x000013ac       0x48 CMakeFiles/hello_world.elf.dir/board/pin_mux.c.obj
 .text.BOARD_InitPins
                0x000013f4       0x94 CMakeFiles/hello_world.elf.dir/board/pin_mux.c.obj
                0x000013f4                BOARD_InitPins
 .text.main     0x00001488       0x54 CMakeFiles/hello_world.elf.dir/source/hello_world.c.obj
                0x00001488                main
 .text.HAL_UartGetStatus
                0x000014dc       0x28 CMakeFiles/hello_world.elf.dir/component/uart/fsl_adapter_lpuart.c.obj
 .text.HAL_UartInitCommon
                0x00001504       0xe4 CMakeFiles/hello_world.elf.dir/component/uart/fsl_adapter_lpuart.c.obj
 .text.HAL_UartInit
                0x000015e8       0xac CMakeFiles/hello_world.elf.dir/component/uart/fsl_adapter_lpuart.c.obj
                0x000015e8                HAL_UartInit
 .text.HAL_UartReceiveBlocking
                0x00001694       0x8c CMakeFiles/hello_world.elf.dir/component/uart/fsl_adapter_lpuart.c.obj
                0x00001694                HAL_UartReceiveBlocking
 .text.HAL_UartSendBlocking
                0x00001720       0x84 CMakeFiles/hello_world.elf.dir/component/uart/fsl_adapter_lpuart.c.obj
                0x00001720                HAL_UartSendBlocking
 .text.SystemInit
                0x000017a4      0x114 CMakeFiles/hello_world.elf.dir/device/system_MCXN947_cm33_core0.c.obj
                0x000017a4                SystemInit
 .text.SystemInitHook
                0x000018b8        0xe CMakeFiles/hello_world.elf.dir/device/system_MCXN947_cm33_core0.c.obj
                0x000018b8                SystemInitHook
 *fill*         0x000018c6        0x2 
 .text.CLOCK_IsPLL0Locked
                0x000018c8       0x28 CMakeFiles/hello_world.elf.dir/drivers/fsl_clock.c.obj
 .text.CLOCK_SetupFROHFClocking
                0x000018f0       0x9c CMakeFiles/hello_world.elf.dir/drivers/fsl_clock.c.obj
                0x000018f0                CLOCK_SetupFROHFClocking
 .text.CLOCK_SetPll0MonitorMode
                0x0000198c       0x38 CMakeFiles/hello_world.elf.dir/drivers/fsl_clock.c.obj
                0x0000198c                CLOCK_SetPll0MonitorMode
 .text.CLOCK_AttachClk
                0x000019c4       0xb0 CMakeFiles/hello_world.elf.dir/drivers/fsl_clock.c.obj
                0x000019c4                CLOCK_AttachClk
 .text.CLOCK_SetClkDiv
                0x00001a74       0x54 CMakeFiles/hello_world.elf.dir/drivers/fsl_clock.c.obj
                0x00001a74                CLOCK_SetClkDiv
 .text.CLOCK_GetPll0OutFreq
                0x00001ac8       0x82 CMakeFiles/hello_world.elf.dir/drivers/fsl_clock.c.obj
                0x00001ac8                CLOCK_GetPll0OutFreq
 *fill*         0x00001b4a        0x2 
 .text.CLOCK_GetPLL0InClockRate
                0x00001b4c       0x58 CMakeFiles/hello_world.elf.dir/drivers/fsl_clock.c.obj
                0x00001b4c                CLOCK_GetPLL0InClockRate
 .text.CLOCK_SetPLL0Freq
                0x00001ba4      0x10c CMakeFiles/hello_world.elf.dir/drivers/fsl_clock.c.obj
                0x00001ba4                CLOCK_SetPLL0Freq
 .text.CLOCK_GetClk48MFreq
                0x00001cb0       0x2c CMakeFiles/hello_world.elf.dir/drivers/fsl_clock.c.obj
 .text.CLOCK_GetExtClkFreq
                0x00001cdc       0x2c CMakeFiles/hello_world.elf.dir/drivers/fsl_clock.c.obj
 .text.CLOCK_GetOsc32KFreq
                0x00001d08       0x4c CMakeFiles/hello_world.elf.dir/drivers/fsl_clock.c.obj
 .text.findPll0PreDiv
                0x00001d54       0x40 CMakeFiles/hello_world.elf.dir/drivers/fsl_clock.c.obj
 .text.findPll0PostDiv
                0x00001d94       0x60 CMakeFiles/hello_world.elf.dir/drivers/fsl_clock.c.obj
 .text.findPll0MMult
                0x00001df4       0xac CMakeFiles/hello_world.elf.dir/drivers/fsl_clock.c.obj
 .text.CLOCK_EnableClock
                0x00001ea0       0x94 CMakeFiles/hello_world.elf.dir/drivers/fsl_lpflexcomm.c.obj
 .text.LP_FLEXCOMM_PeripheralIsPresent
                0x00001f34       0x52 CMakeFiles/hello_world.elf.dir/drivers/fsl_lpflexcomm.c.obj
 *fill*         0x00001f86        0x2 
 .text.LP_FLEXCOMM_GetInterruptStatus
                0x00001f88       0x28 CMakeFiles/hello_world.elf.dir/drivers/fsl_lpflexcomm.c.obj
                0x00001f88                LP_FLEXCOMM_GetInterruptStatus
 .text.LP_FLEXCOMM_SetPeriph
                0x00001fb0       0xa0 CMakeFiles/hello_world.elf.dir/drivers/fsl_lpflexcomm.c.obj
 .text.LP_FLEXCOMM_Init
                0x00002050       0x64 CMakeFiles/hello_world.elf.dir/drivers/fsl_lpflexcomm.c.obj
                0x00002050                LP_FLEXCOMM_Init
 .text.LP_FLEXCOMM_CommonIRQHandler
                0x000020b4       0xb8 CMakeFiles/hello_world.elf.dir/drivers/fsl_lpflexcomm.c.obj
 .text.LP_FLEXCOMM0_DriverIRQHandler
                0x0000216c        0xe CMakeFiles/hello_world.elf.dir/drivers/fsl_lpflexcomm.c.obj
                0x0000216c                LP_FLEXCOMM0_DriverIRQHandler
 .text.LP_FLEXCOMM1_DriverIRQHandler
                0x0000217a        0xe CMakeFiles/hello_world.elf.dir/drivers/fsl_lpflexcomm.c.obj
                0x0000217a                LP_FLEXCOMM1_DriverIRQHandler
 .text.LP_FLEXCOMM2_DriverIRQHandler
                0x00002188        0xe CMakeFiles/hello_world.elf.dir/drivers/fsl_lpflexcomm.c.obj
                0x00002188                LP_FLEXCOMM2_DriverIRQHandler
 .text.LP_FLEXCOMM3_DriverIRQHandler
                0x00002196        0xe CMakeFiles/hello_world.elf.dir/drivers/fsl_lpflexcomm.c.obj
                0x00002196                LP_FLEXCOMM3_DriverIRQHandler
 .text.LP_FLEXCOMM4_DriverIRQHandler
                0x000021a4        0xe CMakeFiles/hello_world.elf.dir/drivers/fsl_lpflexcomm.c.obj
                0x000021a4                LP_FLEXCOMM4_DriverIRQHandler
 .text.LP_FLEXCOMM5_DriverIRQHandler
                0x000021b2        0xe CMakeFiles/hello_world.elf.dir/drivers/fsl_lpflexcomm.c.obj
                0x000021b2                LP_FLEXCOMM5_DriverIRQHandler
 .text.LP_FLEXCOMM6_DriverIRQHandler
                0x000021c0        0xe CMakeFiles/hello_world.elf.dir/drivers/fsl_lpflexcomm.c.obj
                0x000021c0                LP_FLEXCOMM6_DriverIRQHandler
 .text.LP_FLEXCOMM7_DriverIRQHandler
                0x000021ce        0xe CMakeFiles/hello_world.elf.dir/drivers/fsl_lpflexcomm.c.obj
                0x000021ce                LP_FLEXCOMM7_DriverIRQHandler
 .text.LP_FLEXCOMM8_DriverIRQHandler
                0x000021dc        0xe CMakeFiles/hello_world.elf.dir/drivers/fsl_lpflexcomm.c.obj
                0x000021dc                LP_FLEXCOMM8_DriverIRQHandler
 .text.LP_FLEXCOMM9_DriverIRQHandler
                0x000021ea        0xe CMakeFiles/hello_world.elf.dir/drivers/fsl_lpflexcomm.c.obj
                0x000021ea                LP_FLEXCOMM9_DriverIRQHandler
 .text.LPUART_SoftwareReset
                0x000021f8       0x2c CMakeFiles/hello_world.elf.dir/drivers/fsl_lpuart.c.obj
 .text.LPUART_GetInstance
                0x00002224       0x58 CMakeFiles/hello_world.elf.dir/drivers/fsl_lpuart.c.obj
                0x00002224                LPUART_GetInstance
 .text.LPUART_Init
                0x0000227c      0x3ec CMakeFiles/hello_world.elf.dir/drivers/fsl_lpuart.c.obj
                0x0000227c                LPUART_Init
 .text.LPUART_GetDefaultConfig
                0x00002668       0x9c CMakeFiles/hello_world.elf.dir/drivers/fsl_lpuart.c.obj
                0x00002668                LPUART_GetDefaultConfig
 .text.LPUART_GetStatusFlags
                0x00002704       0x60 CMakeFiles/hello_world.elf.dir/drivers/fsl_lpuart.c.obj
                0x00002704                LPUART_GetStatusFlags
 .text.LPUART_ClearStatusFlags
                0x00002764       0x94 CMakeFiles/hello_world.elf.dir/drivers/fsl_lpuart.c.obj
                0x00002764                LPUART_ClearStatusFlags
 .text.LPUART_WriteBlocking
                0x000027f8       0x78 CMakeFiles/hello_world.elf.dir/drivers/fsl_lpuart.c.obj
                0x000027f8                LPUART_WriteBlocking
 .text.LPUART_ReadBlocking
                0x00002870      0x170 CMakeFiles/hello_world.elf.dir/drivers/fsl_lpuart.c.obj
                0x00002870                LPUART_ReadBlocking
 .text.SPC_GetActiveModeBandgapMode
                0x000029e0       0x22 CMakeFiles/hello_world.elf.dir/drivers/fsl_spc.c.obj
 .text.SPC_GetActiveModeVoltageDetectStatus
                0x00002a02       0x22 CMakeFiles/hello_world.elf.dir/drivers/fsl_spc.c.obj
 .text.SPC_GetActiveModeCoreLDOVDDVoltageLevel
                0x00002a24       0x22 CMakeFiles/hello_world.elf.dir/drivers/fsl_spc.c.obj
 .text.SPC_GetActiveModeCoreLDODriveStrength
                0x00002a46       0x22 CMakeFiles/hello_world.elf.dir/drivers/fsl_spc.c.obj
 .text.SPC_SetActiveModeDCDCRegulatorVoltageLevel
                0x00002a68       0x32 CMakeFiles/hello_world.elf.dir/drivers/fsl_spc.c.obj
 *fill*         0x00002a9a        0x2 
 .text.SPC_SetSRAMOperateVoltage
                0x00002a9c       0x74 CMakeFiles/hello_world.elf.dir/drivers/fsl_spc.c.obj
                0x00002a9c                SPC_SetSRAMOperateVoltage
 .text.SPC_SetActiveModeCoreLDORegulatorConfig
                0x00002b10       0xcc CMakeFiles/hello_world.elf.dir/drivers/fsl_spc.c.obj
                0x00002b10                SPC_SetActiveModeCoreLDORegulatorConfig
 .text.SPC_SetActiveModeCoreLDORegulatorVoltageLevel
                0x00002bdc       0x34 CMakeFiles/hello_world.elf.dir/drivers/fsl_spc.c.obj
                0x00002bdc                SPC_SetActiveModeCoreLDORegulatorVoltageLevel
 .text.SPC_SetActiveModeCoreLDORegulatorDriveStrength
                0x00002c10       0x5e CMakeFiles/hello_world.elf.dir/drivers/fsl_spc.c.obj
                0x00002c10                SPC_SetActiveModeCoreLDORegulatorDriveStrength
 *fill*         0x00002c6e        0x2 
 .text.SPC_SetActiveModeDCDCRegulatorConfig
                0x00002c70       0x78 CMakeFiles/hello_world.elf.dir/drivers/fsl_spc.c.obj
                0x00002c70                SPC_SetActiveModeDCDCRegulatorConfig
 .text.SPC_SetActiveModeDCDCRegulatorDriveStrength
                0x00002ce8       0x60 CMakeFiles/hello_world.elf.dir/drivers/fsl_spc.c.obj
                0x00002ce8                SPC_SetActiveModeDCDCRegulatorDriveStrength
 .text.RESET_ClearPeripheralReset
                0x00002d48       0x74 CMakeFiles/hello_world.elf.dir/drivers/fsl_reset.c.obj
                0x00002d48                RESET_ClearPeripheralReset
 .text.__assert_func
                0x00002dbc       0x28 CMakeFiles/hello_world.elf.dir/utilities/fsl_assert.c.obj
                0x00002dbc                __assert_func
 .text.DbgConsole_Init
                0x00002de4       0x88 CMakeFiles/hello_world.elf.dir/utilities/fsl_debug_console.c.obj
                0x00002de4                DbgConsole_Init
 .text.DbgConsole_Printf
                0x00002e6c       0x2c CMakeFiles/hello_world.elf.dir/utilities/fsl_debug_console.c.obj
                0x00002e6c                DbgConsole_Printf
 .text.DbgConsole_Vprintf
                0x00002e98       0x3c CMakeFiles/hello_world.elf.dir/utilities/fsl_debug_console.c.obj
                0x00002e98                DbgConsole_Vprintf
 .text.DbgConsole_Putchar
                0x00002ed4       0x30 CMakeFiles/hello_world.elf.dir/utilities/fsl_debug_console.c.obj
                0x00002ed4                DbgConsole_Putchar
 .text.DbgConsole_Getchar
                0x00002f04       0x3c CMakeFiles/hello_world.elf.dir/utilities/fsl_debug_console.c.obj
                0x00002f04                DbgConsole_Getchar
 .text.DbgConsole_PrintfPaddingCharacter
                0x00002f40       0x40 CMakeFiles/hello_world.elf.dir/utilities/fsl_debug_console.c.obj
 .text.DbgConsole_ConvertRadixNumToString
                0x00002f80       0xc2 CMakeFiles/hello_world.elf.dir/utilities/fsl_debug_console.c.obj
 *fill*         0x00003042        0x2 
 .text.DbgConsole_PrintfFormattedData
                0x00003044      0x3e0 CMakeFiles/hello_world.elf.dir/utilities/fsl_debug_console.c.obj
 .text.exit     0x00003424       0x24 /Applications/MCUXpressoIDE_11.9.1_2170/ide/plugins/com.nxp.mcuxpresso.tools.macosx_11.9.1.202402080819/tools/bin/../lib/gcc/arm-none-eabi/12.3.1/../../../../arm-none-eabi/lib/thumb/v8-m.main+fp/hard/libc_nano.a(libc_a-exit.o)
                0x00003424                exit
 .text.memset   0x00003448       0x10 /Applications/MCUXpressoIDE_11.9.1_2170/ide/plugins/com.nxp.mcuxpresso.tools.macosx_11.9.1.202402080819/tools/bin/../lib/gcc/arm-none-eabi/12.3.1/../../../../arm-none-eabi/lib/thumb/v8-m.main+fp/hard/libc_nano.a(libc_a-memset.o)
                0x00003448                memset
 .text.__libc_init_array
                0x00003458       0x48 /Applications/MCUXpressoIDE_11.9.1_2170/ide/plugins/com.nxp.mcuxpresso.tools.macosx_11.9.1.202402080819/tools/bin/../lib/gcc/arm-none-eabi/12.3.1/../../../../arm-none-eabi/lib/thumb/v8-m.main+fp/hard/libc_nano.a(libc_a-init.o)
                0x00003458                __libc_init_array
 .text.__fixunssfdi
                0x000034a0       0x40 /Applications/MCUXpressoIDE_11.9.1_2170/ide/plugins/com.nxp.mcuxpresso.tools.macosx_11.9.1.202402080819/tools/bin/../lib/gcc/arm-none-eabi/12.3.1/thumb/v8-m.main+fp/hard/libgcc.a(_fixunssfdi.o)
                0x000034a0                __aeabi_f2ulz
                0x000034a0                __fixunssfdi
 .text._exit    0x000034e0        0x4 /Applications/MCUXpressoIDE_11.9.1_2170/ide/plugins/com.nxp.mcuxpresso.tools.macosx_11.9.1.202402080819/tools/bin/../lib/gcc/arm-none-eabi/12.3.1/../../../../arm-none-eabi/lib/thumb/v8-m.main+fp/hard/libnosys.a(_exit.o)
                0x000034e0                _exit
 *(.rodata)
 .rodata        0x000034e4       0x22 CMakeFiles/hello_world.elf.dir/board/clock_config.c.obj
 *fill*         0x00003506        0x2 
 .rodata        0x00003508       0x4a CMakeFiles/hello_world.elf.dir/board/pin_mux.c.obj
 *fill*         0x00003552        0x2 
 .rodata        0x00003554        0xf CMakeFiles/hello_world.elf.dir/source/hello_world.c.obj
 *fill*         0x00003563        0x1 
 .rodata        0x00003564      0x118 CMakeFiles/hello_world.elf.dir/component/uart/fsl_adapter_lpuart.c.obj
 .rodata        0x0000367c       0xd6 CMakeFiles/hello_world.elf.dir/drivers/fsl_lpflexcomm.c.obj
 *fill*         0x00003752        0x2 
 .rodata        0x00003754      0x1fa CMakeFiles/hello_world.elf.dir/drivers/fsl_lpuart.c.obj
 *fill*         0x0000394e        0x2 
 .rodata        0x00003950       0x93 CMakeFiles/hello_world.elf.dir/drivers/fsl_spc.c.obj
 *fill*         0x000039e3        0x1 
 .rodata        0x000039e4       0x53 CMakeFiles/hello_world.elf.dir/drivers/fsl_reset.c.obj
 *fill*         0x00003a37        0x1 
 .rodata        0x00003a38       0x3e CMakeFiles/hello_world.elf.dir/utilities/fsl_assert.c.obj
 *(.rodata*)
 *fill*         0x00003a76        0x2 
 .rodata.__func__.0
                0x00003a78       0x12 CMakeFiles/hello_world.elf.dir/board/pin_mux.c.obj
 *fill*         0x00003a8a        0x2 
 .rodata.s_LpuartAdapterBase
                0x00003a8c       0x28 CMakeFiles/hello_world.elf.dir/component/uart/fsl_adapter_lpuart.c.obj
 .rodata.__func__.4
                0x00003ab4        0xd CMakeFiles/hello_world.elf.dir/component/uart/fsl_adapter_lpuart.c.obj
 *fill*         0x00003ac1        0x3 
 .rodata.__func__.2
                0x00003ac4       0x18 CMakeFiles/hello_world.elf.dir/component/uart/fsl_adapter_lpuart.c.obj
 .rodata.__func__.1
                0x00003adc       0x15 CMakeFiles/hello_world.elf.dir/component/uart/fsl_adapter_lpuart.c.obj
 *fill*         0x00003af1        0x3 
 .rodata.s_lpflexcommBase
                0x00003af4       0x28 CMakeFiles/hello_world.elf.dir/drivers/fsl_lpflexcomm.c.obj
 .rodata.s_lpflexcommClocks
                0x00003b1c       0x14 CMakeFiles/hello_world.elf.dir/drivers/fsl_lpflexcomm.c.obj
 .rodata.s_lpflexcommResets
                0x00003b30       0x28 CMakeFiles/hello_world.elf.dir/drivers/fsl_lpflexcomm.c.obj
 .rodata.__func__.3
                0x00003b58       0x16 CMakeFiles/hello_world.elf.dir/drivers/fsl_lpflexcomm.c.obj
 *fill*         0x00003b6e        0x2 
 .rodata.__func__.2
                0x00003b70       0x11 CMakeFiles/hello_world.elf.dir/drivers/fsl_lpflexcomm.c.obj
 *fill*         0x00003b81        0x3 
 .rodata.s_lpuartBases
                0x00003b84       0x28 CMakeFiles/hello_world.elf.dir/drivers/fsl_lpuart.c.obj
 .rodata.__func__.25
                0x00003bac       0x13 CMakeFiles/hello_world.elf.dir/drivers/fsl_lpuart.c.obj
 *fill*         0x00003bbf        0x1 
 .rodata.__func__.18
                0x00003bc0        0xc CMakeFiles/hello_world.elf.dir/drivers/fsl_lpuart.c.obj
 .rodata.__func__.17
                0x00003bcc       0x18 CMakeFiles/hello_world.elf.dir/drivers/fsl_lpuart.c.obj
 .rodata.__func__.13
                0x00003be4       0x15 CMakeFiles/hello_world.elf.dir/drivers/fsl_lpuart.c.obj
 *fill*         0x00003bf9        0x3 
 .rodata.__func__.11
                0x00003bfc       0x14 CMakeFiles/hello_world.elf.dir/drivers/fsl_lpuart.c.obj
 .rodata.__func__.9
                0x00003c10       0x1a CMakeFiles/hello_world.elf.dir/drivers/fsl_spc.c.obj
 *fill*         0x00003c2a        0x2 
 .rodata.__func__.5
                0x00003c2c       0x28 CMakeFiles/hello_world.elf.dir/drivers/fsl_spc.c.obj
 .rodata.__func__.3
                0x00003c54       0x25 CMakeFiles/hello_world.elf.dir/drivers/fsl_spc.c.obj
 *fill*         0x00003c79        0x3 
 .rodata.__func__.0
                0x00003c7c       0x1b CMakeFiles/hello_world.elf.dir/drivers/fsl_reset.c.obj
 *(.glue_7)
 .glue_7        0x00003c97        0x0 linker stubs
 *(.glue_7t)
 .glue_7t       0x00003c97        0x0 linker stubs
 *(.eh_frame)
 *fill*         0x00003c97        0x1 
 .eh_frame      0x00003c98        0x0 /Applications/MCUXpressoIDE_11.9.1_2170/ide/plugins/com.nxp.mcuxpresso.tools.macosx_11.9.1.202402080819/tools/bin/../lib/gcc/arm-none-eabi/12.3.1/thumb/v8-m.main+fp/hard/crtbegin.o
 *(.init)
 .init          0x00003c98        0x4 /Applications/MCUXpressoIDE_11.9.1_2170/ide/plugins/com.nxp.mcuxpresso.tools.macosx_11.9.1.202402080819/tools/bin/../lib/gcc/arm-none-eabi/12.3.1/thumb/v8-m.main+fp/hard/crti.o
                0x00003c98                _init
 .init          0x00003c9c        0x8 /Applications/MCUXpressoIDE_11.9.1_2170/ide/plugins/com.nxp.mcuxpresso.tools.macosx_11.9.1.202402080819/tools/bin/../lib/gcc/arm-none-eabi/12.3.1/thumb/v8-m.main+fp/hard/crtn.o
 *(.fini)
 .fini          0x00003ca4        0x4 /Applications/MCUXpressoIDE_11.9.1_2170/ide/plugins/com.nxp.mcuxpresso.tools.macosx_11.9.1.202402080819/tools/bin/../lib/gcc/arm-none-eabi/12.3.1/thumb/v8-m.main+fp/hard/crti.o
                0x00003ca4                _fini
 .fini          0x00003ca8        0x8 /Applications/MCUXpressoIDE_11.9.1_2170/ide/plugins/com.nxp.mcuxpresso.tools.macosx_11.9.1.202402080819/tools/bin/../lib/gcc/arm-none-eabi/12.3.1/thumb/v8-m.main+fp/hard/crtn.o
                0x00003cb0                        . = ALIGN (0x4)

.vfp11_veneer   0x00003cb0        0x0
 .vfp11_veneer  0x00003cb0        0x0 linker stubs

.v4_bx          0x00003cb0        0x0
 .v4_bx         0x00003cb0        0x0 linker stubs

.iplt           0x00003cb0        0x0
 .iplt          0x00003cb0        0x0 /Applications/MCUXpressoIDE_11.9.1_2170/ide/plugins/com.nxp.mcuxpresso.tools.macosx_11.9.1.202402080819/tools/bin/../lib/gcc/arm-none-eabi/12.3.1/thumb/v8-m.main+fp/hard/crtbegin.o

.ARM.extab
 *(.ARM.extab* .gnu.linkonce.armextab.*)

.ARM            0x00003cb0        0x8
                0x00003cb0                        __exidx_start = .
 *(.ARM.exidx*)
 .ARM.exidx     0x00003cb0        0x8 /Applications/MCUXpressoIDE_11.9.1_2170/ide/plugins/com.nxp.mcuxpresso.tools.macosx_11.9.1.202402080819/tools/bin/../lib/gcc/arm-none-eabi/12.3.1/../../../../arm-none-eabi/lib/thumb/v8-m.main+fp/hard/crt0.o
                                 0x10 (size before relaxing)
 .ARM.exidx     0x00003cb8        0x0 /Applications/MCUXpressoIDE_11.9.1_2170/ide/plugins/com.nxp.mcuxpresso.tools.macosx_11.9.1.202402080819/tools/bin/../lib/gcc/arm-none-eabi/12.3.1/../../../../arm-none-eabi/lib/thumb/v8-m.main+fp/hard/libc_nano.a(libc_a-strlen.o)
                                  0x8 (size before relaxing)
                0x00003cb8                        __exidx_end = .

.rel.dyn        0x00003cb8        0x0
 .rel.iplt      0x00003cb8        0x0 /Applications/MCUXpressoIDE_11.9.1_2170/ide/plugins/com.nxp.mcuxpresso.tools.macosx_11.9.1.202402080819/tools/bin/../lib/gcc/arm-none-eabi/12.3.1/thumb/v8-m.main+fp/hard/crtbegin.o

.ctors          0x00003cb8        0x0
                0x00003cb8                        __CTOR_LIST__ = .
 *crtbegin.o(.ctors)
 *crtbegin?.o(.ctors)
 *(EXCLUDE_FILE(*crtend.o *crtend?.o) .ctors)
 *(SORT_BY_NAME(.ctors.*))
 *(.ctors)
                0x00003cb8                        __CTOR_END__ = .

.dtors          0x00003cb8        0x0
                0x00003cb8                        __DTOR_LIST__ = .
 *crtbegin.o(.dtors)
 *crtbegin?.o(.dtors)
 *(EXCLUDE_FILE(*crtend.o *crtend?.o) .dtors)
 *(SORT_BY_NAME(.dtors.*))
 *(.dtors)
                0x00003cb8                        __DTOR_END__ = .

.preinit_array  0x00003cb8        0x0
                0x00003cb8                        PROVIDE (__preinit_array_start = .)
 *(.preinit_array*)
                0x00003cb8                        PROVIDE (__preinit_array_end = .)

.init_array     0x00003cb8        0x4
                0x00003cb8                        PROVIDE (__init_array_start = .)
 *(SORT_BY_NAME(.init_array.*))
 *(.init_array*)
 .init_array    0x00003cb8        0x4 /Applications/MCUXpressoIDE_11.9.1_2170/ide/plugins/com.nxp.mcuxpresso.tools.macosx_11.9.1.202402080819/tools/bin/../lib/gcc/arm-none-eabi/12.3.1/thumb/v8-m.main+fp/hard/crtbegin.o
                0x00003cbc                        PROVIDE (__init_array_end = .)

.fini_array     0x00003cbc        0x4
                [!provide]                        PROVIDE (__fini_array_start = .)
 *(SORT_BY_NAME(.fini_array.*))
 *(.fini_array*)
 .fini_array    0x00003cbc        0x4 /Applications/MCUXpressoIDE_11.9.1_2170/ide/plugins/com.nxp.mcuxpresso.tools.macosx_11.9.1.202402080819/tools/bin/../lib/gcc/arm-none-eabi/12.3.1/thumb/v8-m.main+fp/hard/crtbegin.o
                [!provide]                        PROVIDE (__fini_array_end = .)
                0x00003cc0                        __etext = .
                0x00003cc0                        __DATA_ROM = .

.data           0x20000000        0xc load address 0x00003cc0
                0x20000000                        . = ALIGN (0x4)
                0x20000000                        __DATA_RAM = .
                0x20000000                        __data_start__ = .
 *(.ramfunc*)
 *(.data)
 *(.data*)
 .data.SystemCoreClock
                0x20000000        0x4 CMakeFiles/hello_world.elf.dir/device/system_MCXN947_cm33_core0.c.obj
                0x20000000                SystemCoreClock
 .data.s_Ext_Clk_Freq
                0x20000004        0x4 CMakeFiles/hello_world.elf.dir/drivers/fsl_clock.c.obj
 .data.s_Xtal32_Freq
                0x20000008        0x4 CMakeFiles/hello_world.elf.dir/drivers/fsl_clock.c.obj
 *(NonCacheable.init)
 *(NonCacheable)
 *(CodeQuickAccess)
 *(DataQuickAccess)
 *(.jcr*)
                0x2000000c                        . = ALIGN (0x4)
                0x2000000c                        __data_end__ = .
                0x00003ccc                        __DATA_END = (__DATA_ROM + (__data_end__ - __data_start__))
                0x000c0000                        text_end = (ORIGIN (m_text) + LENGTH (m_text))
                0x00000001                        ASSERT ((__DATA_END <= text_end), region m_text overflowed with text and data)

.tm_clone_table
                0x2000000c        0x0 load address 0x00003ccc
 .tm_clone_table
                0x2000000c        0x0 /Applications/MCUXpressoIDE_11.9.1_2170/ide/plugins/com.nxp.mcuxpresso.tools.macosx_11.9.1.202402080819/tools/bin/../lib/gcc/arm-none-eabi/12.3.1/thumb/v8-m.main+fp/hard/crtbegin.o
 .tm_clone_table
                0x2000000c        0x0 /Applications/MCUXpressoIDE_11.9.1_2170/ide/plugins/com.nxp.mcuxpresso.tools.macosx_11.9.1.202402080819/tools/bin/../lib/gcc/arm-none-eabi/12.3.1/thumb/v8-m.main+fp/hard/crtend.o

.igot.plt       0x2000000c        0x0 load address 0x00003ccc
 .igot.plt      0x2000000c        0x0 /Applications/MCUXpressoIDE_11.9.1_2170/ide/plugins/com.nxp.mcuxpresso.tools.macosx_11.9.1.202402080819/tools/bin/../lib/gcc/arm-none-eabi/12.3.1/thumb/v8-m.main+fp/hard/crtbegin.o

.bss            0x2000000c      0x174 load address 0x00003ccc
                0x2000000c                        . = ALIGN (0x4)
                0x2000000c                        __START_BSS = .
                0x2000000c                        __bss_start__ = .
 *(.bss)
 *(.bss*)
 .bss.completed.1
                0x2000000c        0x1 /Applications/MCUXpressoIDE_11.9.1_2170/ide/plugins/com.nxp.mcuxpresso.tools.macosx_11.9.1.202402080819/tools/bin/../lib/gcc/arm-none-eabi/12.3.1/thumb/v8-m.main+fp/hard/crtbegin.o
 *fill*         0x2000000d        0x3 
 .bss.object.0  0x20000010       0x18 /Applications/MCUXpressoIDE_11.9.1_2170/ide/plugins/com.nxp.mcuxpresso.tools.macosx_11.9.1.202402080819/tools/bin/../lib/gcc/arm-none-eabi/12.3.1/thumb/v8-m.main+fp/hard/crtbegin.o
 .bss.s_lpflexcommIrqHandler
                0x20000028       0xa0 CMakeFiles/hello_world.elf.dir/drivers/fsl_lpflexcomm.c.obj
 .bss.s_lpflexcommHandle
                0x200000c8       0xa0 CMakeFiles/hello_world.elf.dir/drivers/fsl_lpflexcomm.c.obj
 .bss.s_debugConsole
                0x20000168       0x14 CMakeFiles/hello_world.elf.dir/utilities/fsl_debug_console.c.obj
 .bss.__stdio_exit_handler
                0x2000017c        0x4 /Applications/MCUXpressoIDE_11.9.1_2170/ide/plugins/com.nxp.mcuxpresso.tools.macosx_11.9.1.202402080819/tools/bin/../lib/gcc/arm-none-eabi/12.3.1/../../../../arm-none-eabi/lib/thumb/v8-m.main+fp/hard/libc_nano.a(libc_a-findfp.o)
                0x2000017c                __stdio_exit_handler
 *(COMMON)
                0x20000180                        . = ALIGN (0x4)
                0x20000180                        __bss_end__ = .
                0x20000180                        __END_BSS = .

.heap           0x20000180      0x400 load address 0x00003e40
                0x20000180                        . = ALIGN (0x8)
                0x20000180                        __end__ = .
                0x20000180                        PROVIDE (end = .)
                0x20000180                        __HeapBase = .
                0x20000580                        . = (. + HEAP_SIZE)
 *fill*         0x20000180      0x400 
                0x20000580                        __HeapLimit = .
                0x20000580                        __heap_limit = .

.stack          0x20000580      0x800 load address 0x00004240
                0x20000580                        . = ALIGN (0x8)
                0x20000d80                        . = (. + STACK_SIZE)
 *fill*         0x20000580      0x800 

m_usb_bdt       0x400ba000        0x0
                0x400ba000                        . = ALIGN (0x200)
 *(m_usb_bdt)

m_usb_global
 *(m_usb_global)
                0x2004e000                        __StackTop = (ORIGIN (m_data) + LENGTH (m_data))
                0x2004d800                        __StackLimit = (__StackTop - STACK_SIZE)
                0x2004e000                        PROVIDE (__stack = __StackTop)

.ARM.attributes
                0x00000000       0x36
 *(.ARM.attributes)
 .ARM.attributes
                0x00000000       0x26 /Applications/MCUXpressoIDE_11.9.1_2170/ide/plugins/com.nxp.mcuxpresso.tools.macosx_11.9.1.202402080819/tools/bin/../lib/gcc/arm-none-eabi/12.3.1/thumb/v8-m.main+fp/hard/crti.o
 .ARM.attributes
                0x00000026       0x38 /Applications/MCUXpressoIDE_11.9.1_2170/ide/plugins/com.nxp.mcuxpresso.tools.macosx_11.9.1.202402080819/tools/bin/../lib/gcc/arm-none-eabi/12.3.1/thumb/v8-m.main+fp/hard/crtbegin.o
 .ARM.attributes
                0x0000005e       0x24 /Applications/MCUXpressoIDE_11.9.1_2170/ide/plugins/com.nxp.mcuxpresso.tools.macosx_11.9.1.202402080819/tools/bin/../lib/gcc/arm-none-eabi/12.3.1/../../../../arm-none-eabi/lib/thumb/v8-m.main+fp/hard/crt0.o
 .ARM.attributes
                0x00000082       0x3a CMakeFiles/hello_world.elf.dir/board/board.c.obj
 .ARM.attributes
                0x000000bc       0x3a CMakeFiles/hello_world.elf.dir/board/clock_config.c.obj
 .ARM.attributes
                0x000000f6       0x3a CMakeFiles/hello_world.elf.dir/board/pin_mux.c.obj
 .ARM.attributes
                0x00000130       0x3a CMakeFiles/hello_world.elf.dir/source/hello_world.c.obj
 .ARM.attributes
                0x0000016a       0x3a CMakeFiles/hello_world.elf.dir/component/uart/fsl_adapter_lpuart.c.obj
 .ARM.attributes
                0x000001a4       0x24 CMakeFiles/hello_world.elf.dir/startup/startup_MCXN947_cm33_core0.S.obj
 .ARM.attributes
                0x000001c8       0x3a CMakeFiles/hello_world.elf.dir/device/system_MCXN947_cm33_core0.c.obj
 .ARM.attributes
                0x00000202       0x3a CMakeFiles/hello_world.elf.dir/drivers/fsl_clock.c.obj
 .ARM.attributes
                0x0000023c       0x3a CMakeFiles/hello_world.elf.dir/drivers/fsl_lpflexcomm.c.obj
 .ARM.attributes
                0x00000276       0x3a CMakeFiles/hello_world.elf.dir/drivers/fsl_lpuart.c.obj
 .ARM.attributes
                0x000002b0       0x3a CMakeFiles/hello_world.elf.dir/drivers/fsl_spc.c.obj
 .ARM.attributes
                0x000002ea       0x3a CMakeFiles/hello_world.elf.dir/drivers/fsl_reset.c.obj
 .ARM.attributes
                0x00000324       0x26 CMakeFiles/hello_world.elf.dir/utilities/fsl_memcpy.S.obj
 .ARM.attributes
                0x0000034a       0x3a CMakeFiles/hello_world.elf.dir/utilities/fsl_assert.c.obj
 .ARM.attributes
                0x00000384       0x3a CMakeFiles/hello_world.elf.dir/utilities/fsl_debug_console.c.obj
 .ARM.attributes
                0x000003be       0x38 /Applications/MCUXpressoIDE_11.9.1_2170/ide/plugins/com.nxp.mcuxpresso.tools.macosx_11.9.1.202402080819/tools/bin/../lib/gcc/arm-none-eabi/12.3.1/../../../../arm-none-eabi/lib/thumb/v8-m.main+fp/hard/libc_nano.a(libc_a-exit.o)
 .ARM.attributes
                0x000003f6       0x38 /Applications/MCUXpressoIDE_11.9.1_2170/ide/plugins/com.nxp.mcuxpresso.tools.macosx_11.9.1.202402080819/tools/bin/../lib/gcc/arm-none-eabi/12.3.1/../../../../arm-none-eabi/lib/thumb/v8-m.main+fp/hard/libc_nano.a(libc_a-findfp.o)
 .ARM.attributes
                0x0000042e       0x38 /Applications/MCUXpressoIDE_11.9.1_2170/ide/plugins/com.nxp.mcuxpresso.tools.macosx_11.9.1.202402080819/tools/bin/../lib/gcc/arm-none-eabi/12.3.1/../../../../arm-none-eabi/lib/thumb/v8-m.main+fp/hard/libc_nano.a(libc_a-memset.o)
 .ARM.attributes
                0x00000466       0x38 /Applications/MCUXpressoIDE_11.9.1_2170/ide/plugins/com.nxp.mcuxpresso.tools.macosx_11.9.1.202402080819/tools/bin/../lib/gcc/arm-none-eabi/12.3.1/../../../../arm-none-eabi/lib/thumb/v8-m.main+fp/hard/libc_nano.a(libc_a-init.o)
 .ARM.attributes
                0x0000049e       0x24 /Applications/MCUXpressoIDE_11.9.1_2170/ide/plugins/com.nxp.mcuxpresso.tools.macosx_11.9.1.202402080819/tools/bin/../lib/gcc/arm-none-eabi/12.3.1/../../../../arm-none-eabi/lib/thumb/v8-m.main+fp/hard/libc_nano.a(libc_a-strlen.o)
 .ARM.attributes
                0x000004c2       0x38 /Applications/MCUXpressoIDE_11.9.1_2170/ide/plugins/com.nxp.mcuxpresso.tools.macosx_11.9.1.202402080819/tools/bin/../lib/gcc/arm-none-eabi/12.3.1/thumb/v8-m.main+fp/hard/libgcc.a(_fixunssfdi.o)
 .ARM.attributes
                0x000004fa       0x26 /Applications/MCUXpressoIDE_11.9.1_2170/ide/plugins/com.nxp.mcuxpresso.tools.macosx_11.9.1.202402080819/tools/bin/../lib/gcc/arm-none-eabi/12.3.1/thumb/v8-m.main+fp/hard/libgcc.a(_arm_muldf3.o)
 .ARM.attributes
                0x00000520       0x26 /Applications/MCUXpressoIDE_11.9.1_2170/ide/plugins/com.nxp.mcuxpresso.tools.macosx_11.9.1.202402080819/tools/bin/../lib/gcc/arm-none-eabi/12.3.1/thumb/v8-m.main+fp/hard/libgcc.a(_arm_addsubdf3.o)
 .ARM.attributes
                0x00000546       0x26 /Applications/MCUXpressoIDE_11.9.1_2170/ide/plugins/com.nxp.mcuxpresso.tools.macosx_11.9.1.202402080819/tools/bin/../lib/gcc/arm-none-eabi/12.3.1/thumb/v8-m.main+fp/hard/libgcc.a(_arm_fixunsdfsi.o)
 .ARM.attributes
                0x0000056c       0x38 /Applications/MCUXpressoIDE_11.9.1_2170/ide/plugins/com.nxp.mcuxpresso.tools.macosx_11.9.1.202402080819/tools/bin/../lib/gcc/arm-none-eabi/12.3.1/../../../../arm-none-eabi/lib/thumb/v8-m.main+fp/hard/libnosys.a(_exit.o)
 .ARM.attributes
                0x000005a4       0x38 /Applications/MCUXpressoIDE_11.9.1_2170/ide/plugins/com.nxp.mcuxpresso.tools.macosx_11.9.1.202402080819/tools/bin/../lib/gcc/arm-none-eabi/12.3.1/thumb/v8-m.main+fp/hard/crtend.o
 .ARM.attributes
                0x000005dc       0x26 /Applications/MCUXpressoIDE_11.9.1_2170/ide/plugins/com.nxp.mcuxpresso.tools.macosx_11.9.1.202402080819/tools/bin/../lib/gcc/arm-none-eabi/12.3.1/thumb/v8-m.main+fp/hard/crtn.o
                0x00000001                        ASSERT ((__StackLimit >= __HeapLimit), region m_data overflowed with stack and heap)
OUTPUT(hello_world.elf elf32-littlearm)
LOAD linker stubs

.debug_line_str
                0x00000000      0x385
 .debug_line_str
                0x00000000       0xe3 /Applications/MCUXpressoIDE_11.9.1_2170/ide/plugins/com.nxp.mcuxpresso.tools.macosx_11.9.1.202402080819/tools/bin/../lib/gcc/arm-none-eabi/12.3.1/../../../../arm-none-eabi/lib/thumb/v8-m.main+fp/hard/crt0.o
 .debug_line_str
                0x000000e3       0x89 CMakeFiles/hello_world.elf.dir/startup/startup_MCXN947_cm33_core0.S.obj
 .debug_line_str
                0x0000016c       0x46 CMakeFiles/hello_world.elf.dir/utilities/fsl_memcpy.S.obj
                                 0x7b (size before relaxing)
 .debug_line_str
                0x000001b2       0xf8 /Applications/MCUXpressoIDE_11.9.1_2170/ide/plugins/com.nxp.mcuxpresso.tools.macosx_11.9.1.202402080819/tools/bin/../lib/gcc/arm-none-eabi/12.3.1/../../../../arm-none-eabi/lib/thumb/v8-m.main+fp/hard/libc_nano.a(libc_a-strlen.o)
 .debug_line_str
                0x000002aa       0xdb /Applications/MCUXpressoIDE_11.9.1_2170/ide/plugins/com.nxp.mcuxpresso.tools.macosx_11.9.1.202402080819/tools/bin/../lib/gcc/arm-none-eabi/12.3.1/thumb/v8-m.main+fp/hard/libgcc.a(_arm_muldf3.o)
 .debug_line_str
                0x00000385       0xdb /Applications/MCUXpressoIDE_11.9.1_2170/ide/plugins/com.nxp.mcuxpresso.tools.macosx_11.9.1.202402080819/tools/bin/../lib/gcc/arm-none-eabi/12.3.1/thumb/v8-m.main+fp/hard/libgcc.a(_arm_addsubdf3.o)
 .debug_line_str
                0x00000385       0xdb /Applications/MCUXpressoIDE_11.9.1_2170/ide/plugins/com.nxp.mcuxpresso.tools.macosx_11.9.1.202402080819/tools/bin/../lib/gcc/arm-none-eabi/12.3.1/thumb/v8-m.main+fp/hard/libgcc.a(_arm_fixunsdfsi.o)

.debug_info     0x00000000    0x16db1
 .debug_info    0x00000000     0x12f8 CMakeFiles/hello_world.elf.dir/board/board.c.obj
 .debug_info    0x000012f8     0x28a9 CMakeFiles/hello_world.elf.dir/board/clock_config.c.obj
 .debug_info    0x00003ba1     0x1839 CMakeFiles/hello_world.elf.dir/board/pin_mux.c.obj
 .debug_info    0x000053da      0xd23 CMakeFiles/hello_world.elf.dir/source/hello_world.c.obj
 .debug_info    0x000060fd      0xeb6 CMakeFiles/hello_world.elf.dir/component/uart/fsl_adapter_lpuart.c.obj
 .debug_info    0x00006fb3      0xf58 CMakeFiles/hello_world.elf.dir/startup/startup_MCXN947_cm33_core0.S.obj
 .debug_info    0x00007f0b     0x1727 CMakeFiles/hello_world.elf.dir/device/system_MCXN947_cm33_core0.c.obj
 .debug_info    0x00009632     0x500e CMakeFiles/hello_world.elf.dir/drivers/fsl_clock.c.obj
 .debug_info    0x0000e640     0x24b9 CMakeFiles/hello_world.elf.dir/drivers/fsl_lpflexcomm.c.obj
 .debug_info    0x00010af9     0x259f CMakeFiles/hello_world.elf.dir/drivers/fsl_lpuart.c.obj
 .debug_info    0x00013098     0x1b5a CMakeFiles/hello_world.elf.dir/drivers/fsl_spc.c.obj
 .debug_info    0x00014bf2     0x1439 CMakeFiles/hello_world.elf.dir/drivers/fsl_reset.c.obj
 .debug_info    0x0001602b       0x25 CMakeFiles/hello_world.elf.dir/utilities/fsl_memcpy.S.obj
 .debug_info    0x00016050       0xe4 CMakeFiles/hello_world.elf.dir/utilities/fsl_assert.c.obj
 .debug_info    0x00016134      0xc7d CMakeFiles/hello_world.elf.dir/utilities/fsl_debug_console.c.obj

.debug_abbrev   0x00000000     0x1f41
 .debug_abbrev  0x00000000      0x201 CMakeFiles/hello_world.elf.dir/board/board.c.obj
 .debug_abbrev  0x00000201      0x26e CMakeFiles/hello_world.elf.dir/board/clock_config.c.obj
 .debug_abbrev  0x0000046f      0x28a CMakeFiles/hello_world.elf.dir/board/pin_mux.c.obj
 .debug_abbrev  0x000006f9      0x132 CMakeFiles/hello_world.elf.dir/source/hello_world.c.obj
 .debug_abbrev  0x0000082b      0x250 CMakeFiles/hello_world.elf.dir/component/uart/fsl_adapter_lpuart.c.obj
 .debug_abbrev  0x00000a7b       0x26 CMakeFiles/hello_world.elf.dir/startup/startup_MCXN947_cm33_core0.S.obj
 .debug_abbrev  0x00000aa1      0x19c CMakeFiles/hello_world.elf.dir/device/system_MCXN947_cm33_core0.c.obj
 .debug_abbrev  0x00000c3d      0x3a5 CMakeFiles/hello_world.elf.dir/drivers/fsl_clock.c.obj
 .debug_abbrev  0x00000fe2      0x39d CMakeFiles/hello_world.elf.dir/drivers/fsl_lpflexcomm.c.obj
 .debug_abbrev  0x0000137f      0x44d CMakeFiles/hello_world.elf.dir/drivers/fsl_lpuart.c.obj
 .debug_abbrev  0x000017cc      0x307 CMakeFiles/hello_world.elf.dir/drivers/fsl_spc.c.obj
 .debug_abbrev  0x00001ad3      0x162 CMakeFiles/hello_world.elf.dir/drivers/fsl_reset.c.obj
 .debug_abbrev  0x00001c35       0x14 CMakeFiles/hello_world.elf.dir/utilities/fsl_memcpy.S.obj
 .debug_abbrev  0x00001c49       0x8c CMakeFiles/hello_world.elf.dir/utilities/fsl_assert.c.obj
 .debug_abbrev  0x00001cd5      0x26c CMakeFiles/hello_world.elf.dir/utilities/fsl_debug_console.c.obj

.debug_aranges  0x00000000      0x990
 .debug_aranges
                0x00000000       0x30 CMakeFiles/hello_world.elf.dir/board/board.c.obj
 .debug_aranges
                0x00000030       0x50 CMakeFiles/hello_world.elf.dir/board/clock_config.c.obj
 .debug_aranges
                0x00000080       0x38 CMakeFiles/hello_world.elf.dir/board/pin_mux.c.obj
 .debug_aranges
                0x000000b8       0x20 CMakeFiles/hello_world.elf.dir/source/hello_world.c.obj
 .debug_aranges
                0x000000d8       0x58 CMakeFiles/hello_world.elf.dir/component/uart/fsl_adapter_lpuart.c.obj
 .debug_aranges
                0x00000130       0x20 CMakeFiles/hello_world.elf.dir/startup/startup_MCXN947_cm33_core0.S.obj
 .debug_aranges
                0x00000150       0x30 CMakeFiles/hello_world.elf.dir/device/system_MCXN947_cm33_core0.c.obj
 .debug_aranges
                0x00000180      0x338 CMakeFiles/hello_world.elf.dir/drivers/fsl_clock.c.obj
 .debug_aranges
                0x000004b8       0xc0 CMakeFiles/hello_world.elf.dir/drivers/fsl_lpflexcomm.c.obj
 .debug_aranges
                0x00000578      0x148 CMakeFiles/hello_world.elf.dir/drivers/fsl_lpuart.c.obj
 .debug_aranges
                0x000006c0      0x1e8 CMakeFiles/hello_world.elf.dir/drivers/fsl_spc.c.obj
 .debug_aranges
                0x000008a8       0x30 CMakeFiles/hello_world.elf.dir/drivers/fsl_reset.c.obj
 .debug_aranges
                0x000008d8       0x20 CMakeFiles/hello_world.elf.dir/utilities/fsl_memcpy.S.obj
 .debug_aranges
                0x000008f8       0x20 CMakeFiles/hello_world.elf.dir/utilities/fsl_assert.c.obj
 .debug_aranges
                0x00000918       0x78 CMakeFiles/hello_world.elf.dir/utilities/fsl_debug_console.c.obj

.debug_rnglists
                0x00000000      0x714
 .debug_rnglists
                0x00000000       0x1f CMakeFiles/hello_world.elf.dir/board/board.c.obj
 .debug_rnglists
                0x0000001f       0x3d CMakeFiles/hello_world.elf.dir/board/clock_config.c.obj
 .debug_rnglists
                0x0000005c       0x27 CMakeFiles/hello_world.elf.dir/board/pin_mux.c.obj
 .debug_rnglists
                0x00000083       0x13 CMakeFiles/hello_world.elf.dir/source/hello_world.c.obj
 .debug_rnglists
                0x00000096       0x41 CMakeFiles/hello_world.elf.dir/component/uart/fsl_adapter_lpuart.c.obj
 .debug_rnglists
                0x000000d7       0x20 CMakeFiles/hello_world.elf.dir/device/system_MCXN947_cm33_core0.c.obj
 .debug_rnglists
                0x000000f7      0x28f CMakeFiles/hello_world.elf.dir/drivers/fsl_clock.c.obj
 .debug_rnglists
                0x00000386       0x90 CMakeFiles/hello_world.elf.dir/drivers/fsl_lpflexcomm.c.obj
 .debug_rnglists
                0x00000416      0x100 CMakeFiles/hello_world.elf.dir/drivers/fsl_lpuart.c.obj
 .debug_rnglists
                0x00000516      0x173 CMakeFiles/hello_world.elf.dir/drivers/fsl_spc.c.obj
 .debug_rnglists
                0x00000689       0x1f CMakeFiles/hello_world.elf.dir/drivers/fsl_reset.c.obj
 .debug_rnglists
                0x000006a8       0x13 CMakeFiles/hello_world.elf.dir/utilities/fsl_assert.c.obj
 .debug_rnglists
                0x000006bb       0x59 CMakeFiles/hello_world.elf.dir/utilities/fsl_debug_console.c.obj

.debug_line     0x00000000     0x70c8
 .debug_line    0x00000000      0x26c CMakeFiles/hello_world.elf.dir/board/board.c.obj
 .debug_line    0x0000026c      0x398 CMakeFiles/hello_world.elf.dir/board/clock_config.c.obj
 .debug_line    0x00000604      0x309 CMakeFiles/hello_world.elf.dir/board/pin_mux.c.obj
 .debug_line    0x0000090d      0x233 CMakeFiles/hello_world.elf.dir/source/hello_world.c.obj
 .debug_line    0x00000b40      0x447 CMakeFiles/hello_world.elf.dir/component/uart/fsl_adapter_lpuart.c.obj
 .debug_line    0x00000f87      0x3b9 CMakeFiles/hello_world.elf.dir/startup/startup_MCXN947_cm33_core0.S.obj
 .debug_line    0x00001340      0x26b CMakeFiles/hello_world.elf.dir/device/system_MCXN947_cm33_core0.c.obj
 .debug_line    0x000015ab     0x238f CMakeFiles/hello_world.elf.dir/drivers/fsl_clock.c.obj
 .debug_line    0x0000393a      0x5e1 CMakeFiles/hello_world.elf.dir/drivers/fsl_lpflexcomm.c.obj
 .debug_line    0x00003f1b     0x14cb CMakeFiles/hello_world.elf.dir/drivers/fsl_lpuart.c.obj
 .debug_line    0x000053e6     0x1196 CMakeFiles/hello_world.elf.dir/drivers/fsl_spc.c.obj
 .debug_line    0x0000657c      0x2a3 CMakeFiles/hello_world.elf.dir/drivers/fsl_reset.c.obj
 .debug_line    0x0000681f       0x88 CMakeFiles/hello_world.elf.dir/utilities/fsl_memcpy.S.obj
 .debug_line    0x000068a7      0x128 CMakeFiles/hello_world.elf.dir/utilities/fsl_assert.c.obj
 .debug_line    0x000069cf      0x6f9 CMakeFiles/hello_world.elf.dir/utilities/fsl_debug_console.c.obj

.debug_str      0x00000000     0xd4ab
 .debug_str     0x00000000     0x2af9 CMakeFiles/hello_world.elf.dir/board/board.c.obj
                               0x2b43 (size before relaxing)
 .debug_str     0x00002af9     0x1d46 CMakeFiles/hello_world.elf.dir/board/clock_config.c.obj
                               0x3f9a (size before relaxing)
 .debug_str     0x0000483f      0x500 CMakeFiles/hello_world.elf.dir/board/pin_mux.c.obj
                               0x19c1 (size before relaxing)
 .debug_str     0x00004d3f       0x81 CMakeFiles/hello_world.elf.dir/source/hello_world.c.obj
                               0x23ef (size before relaxing)
 .debug_str     0x00004dc0     0x1431 CMakeFiles/hello_world.elf.dir/component/uart/fsl_adapter_lpuart.c.obj
                               0x1664 (size before relaxing)
 .debug_str     0x000061f1     0x1de7 CMakeFiles/hello_world.elf.dir/startup/startup_MCXN947_cm33_core0.S.obj
                               0x1e3e (size before relaxing)
 .debug_str     0x00007fd8      0x268 CMakeFiles/hello_world.elf.dir/device/system_MCXN947_cm33_core0.c.obj
                                0xfcc (size before relaxing)
 .debug_str     0x00008240     0x1e20 CMakeFiles/hello_world.elf.dir/drivers/fsl_clock.c.obj
                               0x5a52 (size before relaxing)
 .debug_str     0x0000a060      0xd70 CMakeFiles/hello_world.elf.dir/drivers/fsl_lpflexcomm.c.obj
                               0x3596 (size before relaxing)
 .debug_str     0x0000add0      0xf4c CMakeFiles/hello_world.elf.dir/drivers/fsl_lpuart.c.obj
                               0x2d95 (size before relaxing)
 .debug_str     0x0000bd1c     0x13c5 CMakeFiles/hello_world.elf.dir/drivers/fsl_spc.c.obj
                               0x1c25 (size before relaxing)
 .debug_str     0x0000d0e1       0x87 CMakeFiles/hello_world.elf.dir/drivers/fsl_reset.c.obj
                               0x14d6 (size before relaxing)
 .debug_str     0x0000d168       0x46 CMakeFiles/hello_world.elf.dir/utilities/fsl_memcpy.S.obj
                                 0x89 (size before relaxing)
 .debug_str     0x0000d1ae       0x5b CMakeFiles/hello_world.elf.dir/utilities/fsl_assert.c.obj
                                0x226 (size before relaxing)
 .debug_str     0x0000d209      0x2a2 CMakeFiles/hello_world.elf.dir/utilities/fsl_debug_console.c.obj
                               0x12e4 (size before relaxing)

.comment        0x00000000       0x45
 .comment       0x00000000       0x45 CMakeFiles/hello_world.elf.dir/board/board.c.obj
                                 0x46 (size before relaxing)
 .comment       0x00000045       0x46 CMakeFiles/hello_world.elf.dir/board/clock_config.c.obj
 .comment       0x00000045       0x46 CMakeFiles/hello_world.elf.dir/board/pin_mux.c.obj
 .comment       0x00000045       0x46 CMakeFiles/hello_world.elf.dir/source/hello_world.c.obj
 .comment       0x00000045       0x46 CMakeFiles/hello_world.elf.dir/component/uart/fsl_adapter_lpuart.c.obj
 .comment       0x00000045       0x46 CMakeFiles/hello_world.elf.dir/device/system_MCXN947_cm33_core0.c.obj
 .comment       0x00000045       0x46 CMakeFiles/hello_world.elf.dir/drivers/fsl_clock.c.obj
 .comment       0x00000045       0x46 CMakeFiles/hello_world.elf.dir/drivers/fsl_lpflexcomm.c.obj
 .comment       0x00000045       0x46 CMakeFiles/hello_world.elf.dir/drivers/fsl_lpuart.c.obj
 .comment       0x00000045       0x46 CMakeFiles/hello_world.elf.dir/drivers/fsl_spc.c.obj
 .comment       0x00000045       0x46 CMakeFiles/hello_world.elf.dir/drivers/fsl_reset.c.obj
 .comment       0x00000045       0x46 CMakeFiles/hello_world.elf.dir/utilities/fsl_assert.c.obj
 .comment       0x00000045       0x46 CMakeFiles/hello_world.elf.dir/utilities/fsl_debug_console.c.obj

.debug_frame    0x00000000     0x2984
 .debug_frame   0x00000000       0x7c CMakeFiles/hello_world.elf.dir/board/board.c.obj
 .debug_frame   0x0000007c      0x108 CMakeFiles/hello_world.elf.dir/board/clock_config.c.obj
 .debug_frame   0x00000184       0x9c CMakeFiles/hello_world.elf.dir/board/pin_mux.c.obj
 .debug_frame   0x00000220       0x30 CMakeFiles/hello_world.elf.dir/source/hello_world.c.obj
 .debug_frame   0x00000250      0x138 CMakeFiles/hello_world.elf.dir/component/uart/fsl_adapter_lpuart.c.obj
 .debug_frame   0x00000388       0x6c CMakeFiles/hello_world.elf.dir/device/system_MCXN947_cm33_core0.c.obj
 .debug_frame   0x000003f4      0xed8 CMakeFiles/hello_world.elf.dir/drivers/fsl_clock.c.obj
 .debug_frame   0x000012cc      0x2c8 CMakeFiles/hello_world.elf.dir/drivers/fsl_lpflexcomm.c.obj
 .debug_frame   0x00001594      0x590 CMakeFiles/hello_world.elf.dir/drivers/fsl_lpuart.c.obj
 .debug_frame   0x00001b24      0x8c0 CMakeFiles/hello_world.elf.dir/drivers/fsl_spc.c.obj
 .debug_frame   0x000023e4       0x7c CMakeFiles/hello_world.elf.dir/drivers/fsl_reset.c.obj
 .debug_frame   0x00002460       0x30 CMakeFiles/hello_world.elf.dir/utilities/fsl_assert.c.obj
 .debug_frame   0x00002490      0x1f0 CMakeFiles/hello_world.elf.dir/utilities/fsl_debug_console.c.obj
 .debug_frame   0x00002680       0x28 /Applications/MCUXpressoIDE_11.9.1_2170/ide/plugins/com.nxp.mcuxpresso.tools.macosx_11.9.1.202402080819/tools/bin/../lib/gcc/arm-none-eabi/12.3.1/../../../../arm-none-eabi/lib/thumb/v8-m.main+fp/hard/libc_nano.a(libc_a-exit.o)
 .debug_frame   0x000026a8      0x144 /Applications/MCUXpressoIDE_11.9.1_2170/ide/plugins/com.nxp.mcuxpresso.tools.macosx_11.9.1.202402080819/tools/bin/../lib/gcc/arm-none-eabi/12.3.1/../../../../arm-none-eabi/lib/thumb/v8-m.main+fp/hard/libc_nano.a(libc_a-findfp.o)
 .debug_frame   0x000027ec       0x20 /Applications/MCUXpressoIDE_11.9.1_2170/ide/plugins/com.nxp.mcuxpresso.tools.macosx_11.9.1.202402080819/tools/bin/../lib/gcc/arm-none-eabi/12.3.1/../../../../arm-none-eabi/lib/thumb/v8-m.main+fp/hard/libc_nano.a(libc_a-memset.o)
 .debug_frame   0x0000280c       0x2c /Applications/MCUXpressoIDE_11.9.1_2170/ide/plugins/com.nxp.mcuxpresso.tools.macosx_11.9.1.202402080819/tools/bin/../lib/gcc/arm-none-eabi/12.3.1/../../../../arm-none-eabi/lib/thumb/v8-m.main+fp/hard/libc_nano.a(libc_a-init.o)
 .debug_frame   0x00002838       0x2c /Applications/MCUXpressoIDE_11.9.1_2170/ide/plugins/com.nxp.mcuxpresso.tools.macosx_11.9.1.202402080819/tools/bin/../lib/gcc/arm-none-eabi/12.3.1/thumb/v8-m.main+fp/hard/libgcc.a(_fixunssfdi.o)
 .debug_frame   0x00002864       0x30 /Applications/MCUXpressoIDE_11.9.1_2170/ide/plugins/com.nxp.mcuxpresso.tools.macosx_11.9.1.202402080819/tools/bin/../lib/gcc/arm-none-eabi/12.3.1/thumb/v8-m.main+fp/hard/libgcc.a(_arm_muldf3.o)
 .debug_frame   0x00002894       0xac /Applications/MCUXpressoIDE_11.9.1_2170/ide/plugins/com.nxp.mcuxpresso.tools.macosx_11.9.1.202402080819/tools/bin/../lib/gcc/arm-none-eabi/12.3.1/thumb/v8-m.main+fp/hard/libgcc.a(_arm_addsubdf3.o)
 .debug_frame   0x00002940       0x24 /Applications/MCUXpressoIDE_11.9.1_2170/ide/plugins/com.nxp.mcuxpresso.tools.macosx_11.9.1.202402080819/tools/bin/../lib/gcc/arm-none-eabi/12.3.1/thumb/v8-m.main+fp/hard/libgcc.a(_arm_fixunsdfsi.o)
 .debug_frame   0x00002964       0x20 /Applications/MCUXpressoIDE_11.9.1_2170/ide/plugins/com.nxp.mcuxpresso.tools.macosx_11.9.1.202402080819/tools/bin/../lib/gcc/arm-none-eabi/12.3.1/../../../../arm-none-eabi/lib/thumb/v8-m.main+fp/hard/libnosys.a(_exit.o)
